Archive member included because of file (symbol)

c:/program files (x86)/gnu tools arm embedded/4.8 2014q1/bin/../lib/gcc/arm-none-eabi/4.8.3/../../../../arm-none-eabi/lib/armv7-m\libm.a(lib_a-s_cos.o)
                              ..\obj\tm_stm32_gps.o (cos)
c:/program files (x86)/gnu tools arm embedded/4.8 2014q1/bin/../lib/gcc/arm-none-eabi/4.8.3/../../../../arm-none-eabi/lib/armv7-m\libm.a(lib_a-s_sin.o)
                              ..\obj\tm_stm32_gps.o (sin)
c:/program files (x86)/gnu tools arm embedded/4.8 2014q1/bin/../lib/gcc/arm-none-eabi/4.8.3/../../../../arm-none-eabi/lib/armv7-m\libm.a(lib_a-sf_fpclassify.o)
                              ..\obj\msmftf.o (__fpclassifyf)
c:/program files (x86)/gnu tools arm embedded/4.8 2014q1/bin/../lib/gcc/arm-none-eabi/4.8.3/../../../../arm-none-eabi/lib/armv7-m\libm.a(lib_a-sf_sin.o)
                              ..\obj\test_components.o (sinf)
c:/program files (x86)/gnu tools arm embedded/4.8 2014q1/bin/../lib/gcc/arm-none-eabi/4.8.3/../../../../arm-none-eabi/lib/armv7-m\libm.a(lib_a-w_atan2.o)
                              ..\obj\tm_stm32_gps.o (atan2)
c:/program files (x86)/gnu tools arm embedded/4.8 2014q1/bin/../lib/gcc/arm-none-eabi/4.8.3/../../../../arm-none-eabi/lib/armv7-m\libm.a(lib_a-w_pow.o)
                              ..\obj\msmftf.o (pow)
c:/program files (x86)/gnu tools arm embedded/4.8 2014q1/bin/../lib/gcc/arm-none-eabi/4.8.3/../../../../arm-none-eabi/lib/armv7-m\libm.a(lib_a-w_sqrt.o)
                              ..\obj\tm_stm32_gps.o (sqrt)
c:/program files (x86)/gnu tools arm embedded/4.8 2014q1/bin/../lib/gcc/arm-none-eabi/4.8.3/../../../../arm-none-eabi/lib/armv7-m\libm.a(lib_a-e_atan2.o)
                              c:/program files (x86)/gnu tools arm embedded/4.8 2014q1/bin/../lib/gcc/arm-none-eabi/4.8.3/../../../../arm-none-eabi/lib/armv7-m\libm.a(lib_a-w_atan2.o) (__ieee754_atan2)
c:/program files (x86)/gnu tools arm embedded/4.8 2014q1/bin/../lib/gcc/arm-none-eabi/4.8.3/../../../../arm-none-eabi/lib/armv7-m\libm.a(lib_a-e_pow.o)
                              c:/program files (x86)/gnu tools arm embedded/4.8 2014q1/bin/../lib/gcc/arm-none-eabi/4.8.3/../../../../arm-none-eabi/lib/armv7-m\libm.a(lib_a-w_pow.o) (__ieee754_pow)
c:/program files (x86)/gnu tools arm embedded/4.8 2014q1/bin/../lib/gcc/arm-none-eabi/4.8.3/../../../../arm-none-eabi/lib/armv7-m\libm.a(lib_a-e_rem_pio2.o)
                              c:/program files (x86)/gnu tools arm embedded/4.8 2014q1/bin/../lib/gcc/arm-none-eabi/4.8.3/../../../../arm-none-eabi/lib/armv7-m\libm.a(lib_a-s_cos.o) (__ieee754_rem_pio2)
c:/program files (x86)/gnu tools arm embedded/4.8 2014q1/bin/../lib/gcc/arm-none-eabi/4.8.3/../../../../arm-none-eabi/lib/armv7-m\libm.a(lib_a-e_sqrt.o)
                              c:/program files (x86)/gnu tools arm embedded/4.8 2014q1/bin/../lib/gcc/arm-none-eabi/4.8.3/../../../../arm-none-eabi/lib/armv7-m\libm.a(lib_a-w_sqrt.o) (__ieee754_sqrt)
c:/program files (x86)/gnu tools arm embedded/4.8 2014q1/bin/../lib/gcc/arm-none-eabi/4.8.3/../../../../arm-none-eabi/lib/armv7-m\libm.a(lib_a-ef_rem_pio2.o)
                              c:/program files (x86)/gnu tools arm embedded/4.8 2014q1/bin/../lib/gcc/arm-none-eabi/4.8.3/../../../../arm-none-eabi/lib/armv7-m\libm.a(lib_a-sf_sin.o) (__ieee754_rem_pio2f)
c:/program files (x86)/gnu tools arm embedded/4.8 2014q1/bin/../lib/gcc/arm-none-eabi/4.8.3/../../../../arm-none-eabi/lib/armv7-m\libm.a(lib_a-k_cos.o)
                              c:/program files (x86)/gnu tools arm embedded/4.8 2014q1/bin/../lib/gcc/arm-none-eabi/4.8.3/../../../../arm-none-eabi/lib/armv7-m\libm.a(lib_a-s_cos.o) (__kernel_cos)
c:/program files (x86)/gnu tools arm embedded/4.8 2014q1/bin/../lib/gcc/arm-none-eabi/4.8.3/../../../../arm-none-eabi/lib/armv7-m\libm.a(lib_a-k_rem_pio2.o)
                              c:/program files (x86)/gnu tools arm embedded/4.8 2014q1/bin/../lib/gcc/arm-none-eabi/4.8.3/../../../../arm-none-eabi/lib/armv7-m\libm.a(lib_a-e_rem_pio2.o) (__kernel_rem_pio2)
c:/program files (x86)/gnu tools arm embedded/4.8 2014q1/bin/../lib/gcc/arm-none-eabi/4.8.3/../../../../arm-none-eabi/lib/armv7-m\libm.a(lib_a-k_sin.o)
                              c:/program files (x86)/gnu tools arm embedded/4.8 2014q1/bin/../lib/gcc/arm-none-eabi/4.8.3/../../../../arm-none-eabi/lib/armv7-m\libm.a(lib_a-s_cos.o) (__kernel_sin)
c:/program files (x86)/gnu tools arm embedded/4.8 2014q1/bin/../lib/gcc/arm-none-eabi/4.8.3/../../../../arm-none-eabi/lib/armv7-m\libm.a(lib_a-kf_cos.o)
                              c:/program files (x86)/gnu tools arm embedded/4.8 2014q1/bin/../lib/gcc/arm-none-eabi/4.8.3/../../../../arm-none-eabi/lib/armv7-m\libm.a(lib_a-sf_sin.o) (__kernel_cosf)
c:/program files (x86)/gnu tools arm embedded/4.8 2014q1/bin/../lib/gcc/arm-none-eabi/4.8.3/../../../../arm-none-eabi/lib/armv7-m\libm.a(lib_a-kf_rem_pio2.o)
[...]
Memory Configuration

Name             Origin             Length             Attributes
rom              0x08000000         0x00200000         xr
ram              0x20000000         0x00030000         xrw
*default*        0x00000000         0xffffffff

Linker script and memory map

LOAD c:/program files (x86)/gnu tools arm embedded/4.8 2014q1/bin/../lib/gcc/arm-none-eabi/4.8.3/armv7-m/crti.o
LOAD c:/program files (x86)/gnu tools arm embedded/4.8 2014q1/bin/../lib/gcc/arm-none-eabi/4.8.3/armv7-m/crtbegin.o
LOAD c:/program files (x86)/gnu tools arm embedded/4.8 2014q1/bin/../lib/gcc/arm-none-eabi/4.8.3/../../../../arm-none-eabi/lib/armv7-m/crt0.o
                0x20030000                _eram = 0x20030000

.text           0x08000000     0xe850
 *(.isr_vector)
 .isr_vector    0x08000000      0x1ac ..\obj\startup_stm32f429xx.o
                0x08000000                g_pfnVectors
 *(.text*)
 .text          0x080001ac       0x54 c:/program files (x86)/gnu tools arm embedded/4.8 2014q1/bin/../lib/gcc/arm-none-eabi/4.8.3/armv7-m/crtbegin.o
 .text.TM_CPULOAD_Init
                0x08000200       0x30 ..\obj\tm_stm32_cpu_load.o
                0x08000200                TM_CPULOAD_Init
 .text.HAL_SPI_Init
                0x08000230       0xcc ..\obj\stm32f4xx_hal_spi.o
                0x08000230                HAL_SPI_Init
 .text.HAL_SPI_MspInit
                0x080002fc       0x14 ..\obj\stm32f4xx_hal_spi.o
                0x080002fc                HAL_SPI_MspInit
 .text.HAL_LTDC_Init
                0x08000310      0x1b8 ..\obj\stm32f4xx_hal_ltdc.o
                0x08000310                HAL_LTDC_Init
 .text.HAL_LTDC_MspInit
                0x080004c8       0x14 ..\obj\stm32f4xx_hal_ltdc.o
                0x080004c8                HAL_LTDC_MspInit
 .text.HAL_LTDC_ConfigLayer
                0x080004dc       0x7c ..\obj\stm32f4xx_hal_ltdc.o
                0x080004dc                HAL_LTDC_ConfigLayer
 .text.HAL_LTDC_SetAlpha
                0x08000558       0x6c ..\obj\stm32f4xx_hal_ltdc.o
                0x08000558                HAL_LTDC_SetAlpha
 .text.LTDC_SetConfig
                0x080005c4      0x330 ..\obj\stm32f4xx_hal_ltdc.o
 .text.HAL_MspInit
                0x080008f4       0x60 ..\obj\stm32f4xx_hal_msp.o
                0x080008f4                HAL_MspInit
 .text.HAL_FMC_MspInit
                0x08000954      0x110 ..\obj\stm32f4xx_hal_msp.o
 .text.HAL_SDRAM_MspInit
                0x08000a64       0x14 ..\obj\stm32f4xx_hal_msp.o
                0x08000a64                HAL_SDRAM_MspInit
 .text.Beepy_Console_USARTI_Init
                0x08000a78       0x44 ..\obj\Beepy_Console_USART_Interface.o
                0x08000a78                Beepy_Console_USARTI_Init
 .text.Beepy_Console_USARTI_Check
                0x08000abc      0x170 ..\obj\Beepy_Console_USART_Interface.o
                0x08000abc                Beepy_Console_USARTI_Check
 .text.Beepy_Console_BCUSART_Ready
                0x08000c2c       0xd8 ..\obj\Beepy_Console_USART_Interface.o
                0x08000c2c                Beepy_Console_BCUSART_Ready
 .text.Beepy_Console_BCUSART_Log
                0x08000d04       0x58 ..\obj\Beepy_Console_USART_Interface.o
                0x08000d04                Beepy_Console_BCUSART_Log
 .text.Beepy_Console_BCUSART_Wav
                0x08000d5c       0x4c ..\obj\Beepy_Console_USART_Interface.o
                0x08000d5c                Beepy_Console_BCUSART_Wav
 .text.Beepy_Console_BCUSART_Wav_Buff
                0x08000da8       0x7c ..\obj\Beepy_Console_USART_Interface.o
                0x08000da8                Beepy_Console_BCUSART_Wav_Buff
 .text.Beepy_Console_BCUSART_Wav_Buff_Type
                0x08000e24       0x4c ..\obj\Beepy_Console_USART_Interface.o
                0x08000e24                Beepy_Console_BCUSART_Wav_Buff_Type
 .text.Beepy_Console_BCUSART_Wav_Buff_Type_Style
                0x08000e70       0x58 ..\obj\Beepy_Console_USART_Interface.o
                0x08000e70                Beepy_Console_BCUSART_Wav_Buff_Type_Style
 .text.Beepy_Console_BCUSART_Wav_Buff_Type_Style_Name
                0x08000ec8       0x8c ..\obj\Beepy_Console_USART_Interface.o
                0x08000ec8                Beepy_Console_BCUSART_Wav_Buff_Type_Style_Name
 .text.Beepy_Console_BCUSART_Wav_Buff_Type_Style_Name_Scale
                0x08000f54       0xbc ..\obj\Beepy_Console_USART_Interface.o
                0x08000f54                Beepy_Console_BCUSART_Wav_Buff_Type_Style_Name_Scale
 .text.Beepy_Console_BCUSART_Wav_Buff_Type_Style_Name_Scale_Length
                0x08001010      0x1ec ..\obj\Beepy_Console_USART_Interface.o
                0x08001010                Beepy_Console_BCUSART_Wav_Buff_Type_Style_Name_Scale_Length
 .text.BCUSART_Amend_Now_Get_Buff_f
                0x080011fc       0x4c ..\obj\Beepy_Console_USART_Interface.o
                0x080011fc                BCUSART_Amend_Now_Get_Buff_f
 .text.BCUSART_Amend_Have_Buff_Now_Get_Index_f
                0x08001248       0x94 ..\obj\Beepy_Console_USART_Interface.o
                0x08001248                BCUSART_Amend_Have_Buff_Now_Get_Index_f
 .text.BCUSART_Amend_Have_Buff_Index_Now_Get_Value_f
                0x080012dc       0xa8 ..\obj\Beepy_Console_USART_Interface.o
                0x080012dc                BCUSART_Amend_Have_Buff_Index_Now_Get_Value_f
 .text.Beepy_Console_USARTI_Reset_Temp_Buffer
                0x08001384       0x38 ..\obj\Beepy_Console_USART_Interface.o
                0x08001384                Beepy_Console_USARTI_Reset_Temp_Buffer
 .text.Beepy_Console_Error_State_Restart
                0x080013bc       0x6c ..\obj\Beepy_Console_USART_Interface.o
                0x080013bc                Beepy_Console_Error_State_Restart
 .text.Beepy_Console_State_Restart
                0x08001428       0x38 ..\obj\Beepy_Console_USART_Interface.o
                0x08001428                Beepy_Console_State_Restart
 .text.TM_SPI_Send
                0x08001460       0x6c ..\obj\tm_stm32_lcd.o
 .text.TM_LCD_Init
                0x080014cc       0xd8 ..\obj\tm_stm32_lcd.o
                0x080014cc                TM_LCD_Init
 .text.TM_LCD_Fill
                0x080015a4       0x18 ..\obj\tm_stm32_lcd.o
                0x080015a4                TM_LCD_Fill
 .text.TM_LCD_SetOrientation
                0x080015bc       0x60 ..\obj\tm_stm32_lcd.o
                0x080015bc                TM_LCD_SetOrientation
 .text.TM_LCD_DisplayOn
                0x0800161c       0x20 ..\obj\tm_stm32_lcd.o
                0x0800161c                TM_LCD_DisplayOn
 .text.TM_LCD_SetXY
                0x0800163c       0x4c ..\obj\tm_stm32_lcd.o
                0x0800163c                TM_LCD_SetXY
 .text.TM_LCD_SetFont
                0x08001688       0x20 ..\obj\tm_stm32_lcd.o
                0x08001688                TM_LCD_SetFont
 .text.TM_LCD_SetColors
                0x080016a8       0x28 ..\obj\tm_stm32_lcd.o
                0x080016a8                TM_LCD_SetColors
 .text.TM_LCD_Putc
                0x080016d0      0x148 ..\obj\tm_stm32_lcd.o
                0x080016d0                TM_LCD_Putc
 .text.TM_LCD_DrawPixel
                0x08001818       0x28 ..\obj\tm_stm32_lcd.o
                0x08001818                TM_LCD_DrawPixel
 .text.TM_LCD_Puts
                0x08001840       0x38 ..\obj\tm_stm32_lcd.o
                0x08001840                TM_LCD_Puts
 .text.TM_LCD_SetLayer1
                0x08001878       0x28 ..\obj\tm_stm32_lcd.o
                0x08001878                TM_LCD_SetLayer1
 .text.TM_LCD_SetLayer2
                0x080018a0       0x2c ..\obj\tm_stm32_lcd.o
                0x080018a0                TM_LCD_SetLayer2
 .text.TM_LCD_SetLayer1Opacity
                0x080018cc       0x24 ..\obj\tm_stm32_lcd.o
                0x080018cc                TM_LCD_SetLayer1Opacity
 .text.TM_LCD_SetLayer2Opacity
                0x080018f0       0x24 ..\obj\tm_stm32_lcd.o
                0x080018f0                TM_LCD_SetLayer2Opacity
 .text.TM_LCD_DrawLine
                0x08001914       0x30 ..\obj\tm_stm32_lcd.o
                0x08001914                TM_LCD_DrawLine
 .text.TM_LCD_DrawRectangle
                0x08001944       0x28 ..\obj\tm_stm32_lcd.o
                0x08001944                TM_LCD_DrawRectangle
 .text.TM_LCD_INT_InitLTDC
                0x0800196c       0xf4 ..\obj\tm_stm32_lcd.o
 .text.TM_LCD_INT_InitLayers
                0x08001a60       0x80 ..\obj\tm_stm32_lcd.o
 .text.TM_ILI9341_SendCommand
                0x08001ae0       0x3c ..\obj\tm_stm32_lcd.o
 .text.TM_ILI9341_SendData
                0x08001b1c       0x3c ..\obj\tm_stm32_lcd.o
 .text.TM_ILI9341_Delay
                0x08001b58       0x20 ..\obj\tm_stm32_lcd.o
 .text.TM_LCD_INT_InitLCD
                0x08001b78      0x2a8 ..\obj\tm_stm32_lcd.o
 .text.TM_LCD_INT_InitPins
                0x08001e20       0xf8 ..\obj\tm_stm32_lcd.o
 .text.HAL_UART_Init
                0x08001f18       0x94 ..\obj\stm32f4xx_hal_uart.o
                0x08001f18                HAL_UART_Init
 .text.HAL_UART_MspInit
                0x08001fac       0x14 ..\obj\stm32f4xx_hal_uart.o
                0x08001fac                HAL_UART_MspInit
 .text.UART_SetConfig
                0x08001fc0      0x2dc ..\obj\stm32f4xx_hal_uart.o
 .text.TM_EXTI_Handler
                0x0800229c       0x14 ..\obj\tm_stm32_exti.o
                0x0800229c                TM_EXTI_Handler
 .text.EXTI0_IRQHandler
                0x080022b0       0x24 ..\obj\tm_stm32_exti.o
                0x080022b0                EXTI0_IRQHandler
 .text.EXTI1_IRQHandler
                0x080022d4       0x24 ..\obj\tm_stm32_exti.o
                0x080022d4                EXTI1_IRQHandler
 .text.EXTI2_IRQHandler
                0x080022f8       0x24 ..\obj\tm_stm32_exti.o
                0x080022f8                EXTI2_IRQHandler
 .text.EXTI3_IRQHandler
                0x0800231c       0x24 ..\obj\tm_stm32_exti.o
                0x0800231c                EXTI3_IRQHandler
 .text.EXTI4_IRQHandler
                0x08002340       0x24 ..\obj\tm_stm32_exti.o
                0x08002340                EXTI4_IRQHandler
 .text.EXTI9_5_IRQHandler
                0x08002364       0x8c ..\obj\tm_stm32_exti.o
                0x08002364                EXTI9_5_IRQHandler
 .text.EXTI15_10_IRQHandler
                0x080023f0       0xb4 ..\obj\tm_stm32_exti.o
                0x080023f0                EXTI15_10_IRQHandler
 .text.HAL_DMA2D_Init
                0x080024a4       0xbc ..\obj\stm32f4xx_hal_dma2d.o
                0x080024a4                HAL_DMA2D_Init
 .text.HAL_DMA2D_MspInit
                0x08002560       0x14 ..\obj\stm32f4xx_hal_dma2d.o
                0x08002560                HAL_DMA2D_MspInit
 .text.HAL_DMA2D_Start
                0x08002574       0x68 ..\obj\stm32f4xx_hal_dma2d.o
                0x08002574                HAL_DMA2D_Start
 .text.HAL_DMA2D_PollForTransfer
                0x080025dc      0x160 ..\obj\stm32f4xx_hal_dma2d.o
                0x080025dc                HAL_DMA2D_PollForTransfer
 .text.HAL_DMA2D_ConfigLayer
                0x0800273c      0x1bc ..\obj\stm32f4xx_hal_dma2d.o
                0x0800273c                HAL_DMA2D_ConfigLayer
 .text.DMA2D_SetConfig
                0x080028f8      0x144 ..\obj\stm32f4xx_hal_dma2d.o
 .text.TM_DISCO_LedInit
                0x08002a3c       0x2c ..\obj\tm_stm32_disco.o
                0x08002a3c                TM_DISCO_LedInit
 .text.TM_DISCO_ButtonInit
                0x08002a68       0x24 ..\obj\tm_stm32_disco.o
                0x08002a68                TM_DISCO_ButtonInit
 .text.main     0x08002a8c      0x158 ..\obj\main.o
                0x08002a8c                main
 *fill*         0x08002be4        0x4 
 .text.set_example_buffers
                0x08002be8       0xd8 ..\obj\main.o
                0x08002be8                set_example_buffers
 .text.HAL_I2S_IRQHandler
                0x08002cc0      0x4dc ..\obj\stm32f4xx_hal_i2s_ex.o
                0x08002cc0                HAL_I2S_IRQHandler
 .text.I2SEx_TransmitReceive_IT
                0x0800319c      0x2a8 ..\obj\stm32f4xx_hal_i2s_ex.o
                0x0800319c                I2SEx_TransmitReceive_IT
 .text.SysTick_Handler
                0x08003444       0x10 ..\obj\stm32f4xx_it.o
                0x08003444                SysTick_Handler
 .text.DMA1_Stream2_IRQHandler
                0x08003454       0x10 ..\obj\stm32f4xx_it.o
                0x08003454                DMA1_Stream2_IRQHandler
 .text.DMA1_Stream3_IRQHandler
                0x08003464       0x10 ..\obj\stm32f4xx_it.o
                0x08003464                DMA1_Stream3_IRQHandler
 .text.DMA1_Stream4_IRQHandler
                0x08003474       0x10 ..\obj\stm32f4xx_it.o
                0x08003474                DMA1_Stream4_IRQHandler
 .text.DMA1_Stream5_IRQHandler
                0x08003484       0x10 ..\obj\stm32f4xx_it.o
                0x08003484                DMA1_Stream5_IRQHandler
 .text.HAL_I2S_TxCpltCallback
                0x08003494       0x18 ..\obj\stm32f4xx_it.o
                0x08003494                HAL_I2S_TxCpltCallback
 .text.HAL_I2S_RxCpltCallback
                0x080034ac       0x18 ..\obj\stm32f4xx_it.o
                0x080034ac                HAL_I2S_RxCpltCallback
 .text.HAL_I2S_ErrorCallback
                0x080034c4       0x9c ..\obj\stm32f4xx_it.o
                0x080034c4                HAL_I2S_ErrorCallback
 .text.SPI2_IRQHandler
                0x08003560       0x10 ..\obj\stm32f4xx_it.o
                0x08003560                SPI2_IRQHandler
 .text.TM_SPI_Init
                0x08003570       0xec ..\obj\tm_stm32_spi.o
                0x08003570                TM_SPI_Init
 .text.TM_SPI_InitCustomPinsCallback
                0x0800365c       0x18 ..\obj\tm_stm32_spi.o
                0x0800365c                TM_SPI_InitCustomPinsCallback
 .text.TM_SPIx_Init
                0x08003674      0x1c4 ..\obj\tm_stm32_spi.o
 .text.TM_SPI1_INT_InitPins
                0x08003838       0x60 ..\obj\tm_stm32_spi.o
                0x08003838                TM_SPI1_INT_InitPins
 .text.TM_SPI2_INT_InitPins
                0x08003898       0xc4 ..\obj\tm_stm32_spi.o
                0x08003898                TM_SPI2_INT_InitPins
 .text.TM_SPI3_INT_InitPins
                0x0800395c       0x60 ..\obj\tm_stm32_spi.o
                0x0800395c                TM_SPI3_INT_InitPins
 .text.TM_SPI4_INT_InitPins
                0x080039bc       0x5c ..\obj\tm_stm32_spi.o
                0x080039bc                TM_SPI4_INT_InitPins
 .text.TM_SPI5_INT_InitPins
                0x08003a18       0x78 ..\obj\tm_stm32_spi.o
                0x08003a18                TM_SPI5_INT_InitPins
 .text.TM_SPI6_INT_InitPins
                0x08003a90       0x44 ..\obj\tm_stm32_spi.o
                0x08003a90                TM_SPI6_INT_InitPins
 .text.Reset_Handler
                0x08003ad4       0x58 ..\obj\startup_stm32f429xx.o
                0x08003ad4                Reset_Handler
 .text.Default_Handler
                0x08003b2c        0x4 ..\obj\startup_stm32f429xx.o
                0x08003b2c                RTC_Alarm_IRQHandler
                0x08003b2c                HASH_RNG_IRQHandler
                0x08003b2c                TIM8_CC_IRQHandler
                0x08003b2c                SPI4_IRQHandler
                0x08003b2c                TIM1_CC_IRQHandler
                0x08003b2c                DMA2_Stream5_IRQHandler
                0x08003b2c                PVD_IRQHandler
                0x08003b2c                SDIO_IRQHandler
                0x08003b2c                TAMP_STAMP_IRQHandler
                0x08003b2c                CAN2_RX1_IRQHandler
                0x08003b2c                TIM8_TRG_COM_TIM14_IRQHandler
                0x08003b2c                TIM1_UP_TIM10_IRQHandler
                0x08003b2c                TIM8_UP_TIM13_IRQHandler
                0x08003b2c                I2C3_ER_IRQHandler
                0x08003b2c                I2C2_EV_IRQHandler
                0x08003b2c                CAN1_RX0_IRQHandler
                0x08003b2c                FPU_IRQHandler
                0x08003b2c                OTG_HS_WKUP_IRQHandler
                0x08003b2c                LTDC_ER_IRQHandler
                0x08003b2c                CAN2_SCE_IRQHandler
                0x08003b2c                DMA2_Stream2_IRQHandler
                0x08003b2c                SPI1_IRQHandler
                0x08003b2c                TIM6_DAC_IRQHandler
                0x08003b2c                TIM1_BRK_TIM9_IRQHandler
                0x08003b2c                DCMI_IRQHandler
                0x08003b2c                CAN2_RX0_IRQHandler
                0x08003b2c                DMA2_Stream3_IRQHandler
                0x08003b2c                CAN1_RX1_IRQHandler
                0x08003b2c                DMA2_Stream0_IRQHandler
                0x08003b2c                TIM4_IRQHandler
                0x08003b2c                I2C1_EV_IRQHandler
                0x08003b2c                DMA1_Stream6_IRQHandler
                0x08003b2c                DMA1_Stream1_IRQHandler
                0x08003b2c                TIM3_IRQHandler
                0x08003b2c                RCC_IRQHandler
                0x08003b2c                TIM8_BRK_TIM12_IRQHandler
                0x08003b2c                Default_Handler
                0x08003b2c                ADC_IRQHandler
                0x08003b2c                DMA1_Stream7_IRQHandler
                0x08003b2c                SPI5_IRQHandler
                0x08003b2c                TIM7_IRQHandler
                0x08003b2c                CAN2_TX_IRQHandler
                0x08003b2c                TIM5_IRQHandler
                0x08003b2c                DMA2_Stream7_IRQHandler
                0x08003b2c                I2C3_EV_IRQHandler
                0x08003b2c                RTC_WKUP_IRQHandler
                0x08003b2c                LTDC_IRQHandler
                0x08003b2c                ETH_WKUP_IRQHandler
                0x08003b2c                OTG_HS_EP1_IN_IRQHandler
                0x08003b2c                DMA1_Stream0_IRQHandler
                0x08003b2c                CAN1_TX_IRQHandler
                0x08003b2c                ETH_IRQHandler
                0x08003b2c                OTG_HS_EP1_OUT_IRQHandler
                0x08003b2c                WWDG_IRQHandler
                0x08003b2c                SPI6_IRQHandler
                0x08003b2c                TIM2_IRQHandler
                0x08003b2c                OTG_FS_WKUP_IRQHandler
                0x08003b2c                TIM1_TRG_COM_TIM11_IRQHandler
                0x08003b2c                OTG_HS_IRQHandler
                0x08003b2c                DMA2D_IRQHandler
                0x08003b2c                I2C2_ER_IRQHandler
                0x08003b2c                DMA2_Stream1_IRQHandler
                0x08003b2c                CAN1_SCE_IRQHandler
                0x08003b2c                FLASH_IRQHandler
                0x08003b2c                DMA2_Stream4_IRQHandler
                0x08003b2c                OTG_FS_IRQHandler
                0x08003b2c                SPI3_IRQHandler
                0x08003b2c                I2C1_ER_IRQHandler
                0x08003b2c                FMC_IRQHandler
                0x08003b2c                DMA2_Stream6_IRQHandler
                0x08003b2c                SAI1_IRQHandler
 .text.TM_RNG_Init
                0x08003b30       0x3c ..\obj\tm_stm32_rng.o
                0x08003b30                TM_RNG_Init
 .text.TM_USART_Init
                0x08003b6c      0x164 ..\obj\tm_stm32_usart.o
                0x08003b6c                TM_USART_Init
 .text.TM_USART_Getc
                0x08003cd0       0x34 ..\obj\tm_stm32_usart.o
                0x08003cd0                TM_USART_Getc
 .text.TM_USART_Puts
                0x08003d04       0x48 ..\obj\tm_stm32_usart.o
                0x08003d04                TM_USART_Puts
 .text.TM_USART_BufferEmpty
                0x08003d4c       0x2c ..\obj\tm_stm32_usart.o
                0x08003d4c                TM_USART_BufferEmpty
 .text.TM_USART_InitCustomPinsCallback
                0x08003d78       0x18 ..\obj\tm_stm32_usart.o
                0x08003d78                TM_USART_InitCustomPinsCallback
 .text.TM_USART_INT_InsertToBuffer
                0x08003d90       0x20 ..\obj\tm_stm32_usart.o
 .text.TM_USART_INT_GetUSARTBuffer
                0x08003db0       0xb8 ..\obj\tm_stm32_usart.o
 .text.TM_USART_INT_GetSubPriority
                0x08003e68       0x98 ..\obj\tm_stm32_usart.o
 .text.TM_USART1_InitPins
                0x08003f00       0x60 ..\obj\tm_stm32_usart.o
                0x08003f00                TM_USART1_InitPins
 .text.TM_USART2_InitPins
                0x08003f60       0x60 ..\obj\tm_stm32_usart.o
                0x08003f60                TM_USART2_InitPins
 .text.TM_USART3_InitPins
                0x08003fc0       0x84 ..\obj\tm_stm32_usart.o
                0x08003fc0                TM_USART3_InitPins
 .text.TM_UART4_InitPins
                0x08004044       0x60 ..\obj\tm_stm32_usart.o
                0x08004044                TM_UART4_InitPins
 .text.TM_UART5_InitPins
                0x080040a4       0x5c ..\obj\tm_stm32_usart.o
                0x080040a4                TM_UART5_InitPins
 .text.TM_USART6_InitPins
                0x08004100       0x60 ..\obj\tm_stm32_usart.o
                0x08004100                TM_USART6_InitPins
 .text.TM_UART7_InitPins
                0x08004160       0x60 ..\obj\tm_stm32_usart.o
                0x08004160                TM_UART7_InitPins
 .text.TM_UART8_InitPins
                0x080041c0       0x40 ..\obj\tm_stm32_usart.o
                0x080041c0                TM_UART8_InitPins
 .text.USART1_IRQHandler
                0x08004200       0x30 ..\obj\tm_stm32_usart.o
                0x08004200                USART1_IRQHandler
 .text.USART2_IRQHandler
                0x08004230       0x30 ..\obj\tm_stm32_usart.o
                0x08004230                USART2_IRQHandler
 .text.USART3_IRQHandler
                0x08004260       0x30 ..\obj\tm_stm32_usart.o
                0x08004260                USART3_IRQHandler
 .text.UART4_IRQHandler
                0x08004290       0x30 ..\obj\tm_stm32_usart.o
                0x08004290                UART4_IRQHandler
 .text.UART5_IRQHandler
                0x080042c0       0x30 ..\obj\tm_stm32_usart.o
                0x080042c0                UART5_IRQHandler
 .text.USART6_IRQHandler
                0x080042f0       0x30 ..\obj\tm_stm32_usart.o
                0x080042f0                USART6_IRQHandler
 .text.UART7_IRQHandler
                0x08004320       0x30 ..\obj\tm_stm32_usart.o
                0x08004320                UART7_IRQHandler
 .text.UART8_IRQHandler
                0x08004350       0x30 ..\obj\tm_stm32_usart.o
                0x08004350                UART8_IRQHandler
 .text.TM_USART_INT_Init
                0x08004380      0x2e0 ..\obj\tm_stm32_usart.o
 .text.TM_USART_INT_ClearAllFlags
                0x08004660       0x80 ..\obj\tm_stm32_usart.o
 .text.HAL_Init
                0x080046e0       0x44 ..\obj\stm32f4xx_hal.o
                0x080046e0                HAL_Init
 .text.HAL_InitTick
                0x08004724       0x38 ..\obj\stm32f4xx_hal.o
                0x08004724                HAL_InitTick
 .text.TM_DELAY_1msHandler
                0x0800475c        0xc ..\obj\tm_stm32_delay.o
                0x0800475c                TM_DELAY_1msHandler
 .text.HAL_IncTick
                0x08004768      0x10c ..\obj\tm_stm32_delay.o
                0x08004768                HAL_IncTick
 .text.HAL_GetTick
                0x08004874       0x18 ..\obj\tm_stm32_delay.o
                0x08004874                HAL_GetTick
 .text.HAL_RCCEx_PeriphCLKConfig
                0x0800488c      0x508 ..\obj\stm32f4xx_hal_rcc_ex.o
                0x0800488c                HAL_RCCEx_PeriphCLKConfig
 .text.xputc    0x08004d94       0x50 ..\obj\xprintf.o
                0x08004d94                xputc
 .text.xputs    0x08004de4       0x28 ..\obj\xprintf.o
                0x08004de4                xputs
 .text.xvprintf
                0x08004e0c      0x2f0 ..\obj\xprintf.o
 .text.xsprintf
                0x080050fc       0x3c ..\obj\xprintf.o
                0x080050fc                xsprintf
 .text.DMA2D_Convert565ToARGB8888
                0x08005138       0x58 ..\obj\tm_stm32_dma2d_graphic.o
 .text.DrawPixel
                0x08005190       0x2c ..\obj\tm_stm32_dma2d_graphic.o
 .text.TM_DMA2DGRAPHIC_Init
                0x080051bc       0x9c ..\obj\tm_stm32_dma2d_graphic.o
                0x080051bc                TM_DMA2DGRAPHIC_Init
 .text.TM_DMA2DGRAPHIC_SetLayer
                0x08005258       0x2c ..\obj\tm_stm32_dma2d_graphic.o
                0x08005258                TM_DMA2DGRAPHIC_SetLayer
 .text.TM_DMA2DGRAPHIC_DrawPixel
                0x08005284      0x128 ..\obj\tm_stm32_dma2d_graphic.o
                0x08005284                TM_DMA2DGRAPHIC_DrawPixel
 .text.TM_DMA2DGRAPHIC_SetOrientation
                0x080053ac       0x5c ..\obj\tm_stm32_dma2d_graphic.o
                0x080053ac                TM_DMA2DGRAPHIC_SetOrientation
 .text.TM_DMA2DGRAPHIC_Fill
                0x08005408       0x88 ..\obj\tm_stm32_dma2d_graphic.o
                0x08005408                TM_DMA2DGRAPHIC_Fill
 .text.TM_DMA2DGRAPHIC_DrawRectangle
                0x08005490       0x80 ..\obj\tm_stm32_dma2d_graphic.o
                0x08005490                TM_DMA2DGRAPHIC_DrawRectangle
 .text.TM_DMA2DGRAPHIC_DrawVerticalLine
                0x08005510      0x1d0 ..\obj\tm_stm32_dma2d_graphic.o
                0x08005510                TM_DMA2DGRAPHIC_DrawVerticalLine
 .text.TM_DMA2DGRAPHIC_DrawHorizontalLine
                0x080056e0      0x1d8 ..\obj\tm_stm32_dma2d_graphic.o
                0x080056e0                TM_DMA2DGRAPHIC_DrawHorizontalLine
 .text.TM_DMA2DGRAPHIC_DrawLine
                0x080058b8      0x174 ..\obj\tm_stm32_dma2d_graphic.o
                0x080058b8                TM_DMA2DGRAPHIC_DrawLine
 .text.TM_INT_DMA2DGRAPHIC_SetConf
                0x08005a2c       0x78 ..\obj\tm_stm32_dma2d_graphic.o
                0x08005a2c                TM_INT_DMA2DGRAPHIC_SetConf
 .text.TM_INT_DMA2DGRAPHIC_InitAndTransfer
                0x08005aa4       0xb0 ..\obj\tm_stm32_dma2d_graphic.o
                0x08005aa4                TM_INT_DMA2DGRAPHIC_InitAndTransfer
 .text.TM_INT_DMA2DGRAPHIC_SetMemory
                0x08005b54       0x50 ..\obj\tm_stm32_dma2d_graphic.o
                0x08005b54                TM_INT_DMA2DGRAPHIC_SetMemory
 .text.HAL_SDRAM_Init
                0x08005ba4       0x6c ..\obj\stm32f4xx_hal_sdram.o
                0x08005ba4                HAL_SDRAM_Init
 .text.HAL_SDRAM_SendCommand
                0x08005c10       0x58 ..\obj\stm32f4xx_hal_sdram.o
                0x08005c10                HAL_SDRAM_SendCommand
 .text.HAL_SDRAM_ProgramRefreshRate
                0x08005c68       0x40 ..\obj\stm32f4xx_hal_sdram.o
                0x08005c68                HAL_SDRAM_ProgramRefreshRate
 .text.HAL_RCC_OscConfig
                0x08005ca8      0x4c4 ..\obj\stm32f4xx_hal_rcc.o
                0x08005ca8                HAL_RCC_OscConfig
 .text.HAL_RCC_ClockConfig
                0x0800616c      0x31c ..\obj\stm32f4xx_hal_rcc.o
                0x0800616c                HAL_RCC_ClockConfig
 .text.HAL_RCC_GetSysClockFreq
                0x08006488      0x11c ..\obj\stm32f4xx_hal_rcc.o
                0x08006488                HAL_RCC_GetSysClockFreq
 .text.HAL_RCC_GetHCLKFreq
                0x080065a4       0x58 ..\obj\stm32f4xx_hal_rcc.o
                0x080065a4                HAL_RCC_GetHCLKFreq
 .text.HAL_RCC_GetPCLK1Freq
                0x080065fc       0x50 ..\obj\stm32f4xx_hal_rcc.o
                0x080065fc                HAL_RCC_GetPCLK1Freq
 .text.HAL_RCC_GetPCLK2Freq
                0x0800664c       0x50 ..\obj\stm32f4xx_hal_rcc.o
                0x0800664c                HAL_RCC_GetPCLK2Freq
 .text.TM_BUFFER_Write
                0x0800669c       0xe4 ..\obj\tm_stm32_buffer.o
                0x0800669c                TM_BUFFER_Write
 .text.TM_BUFFER_Read
                0x08006780       0xe4 ..\obj\tm_stm32_buffer.o
                0x08006780                TM_BUFFER_Read
 .text.TM_BUFFER_GetFree
                0x08006864       0x64 ..\obj\tm_stm32_buffer.o
                0x08006864                TM_BUFFER_GetFree
 .text.TM_BUFFER_GetFull
                0x080068c8       0x60 ..\obj\tm_stm32_buffer.o
                0x080068c8                TM_BUFFER_GetFull
 .text.TM_GPIO_Init
                0x08006928       0x38 ..\obj\tm_stm32_gpio.o
                0x08006928                TM_GPIO_Init
 .text.TM_GPIO_InitAlternate
                0x08006960       0x98 ..\obj\tm_stm32_gpio.o
                0x08006960                TM_GPIO_InitAlternate
 .text.TM_GPIO_GetPortSource
                0x080069f8       0x24 ..\obj\tm_stm32_gpio.o
                0x080069f8                TM_GPIO_GetPortSource
 .text.TM_GPIO_INT_EnableClock
                0x08006a1c       0x2c ..\obj\tm_stm32_gpio.o
                0x08006a1c                TM_GPIO_INT_EnableClock
 .text.TM_GPIO_INT_Init
                0x08006a48       0xfc ..\obj\tm_stm32_gpio.o
                0x08006a48                TM_GPIO_INT_Init
 .text.NVIC_SetPriorityGrouping
                0x08006b44       0x48 ..\obj\stm32f4xx_hal_cortex.o
 .text.NVIC_GetPriorityGrouping
                0x08006b8c       0x1c ..\obj\stm32f4xx_hal_cortex.o
 .text.NVIC_EnableIRQ
                0x08006ba8       0x30 ..\obj\stm32f4xx_hal_cortex.o
 .text.NVIC_DisableIRQ
                0x08006bd8       0x34 ..\obj\stm32f4xx_hal_cortex.o
 .text.NVIC_ClearPendingIRQ
                0x08006c0c       0x34 ..\obj\stm32f4xx_hal_cortex.o
 .text.NVIC_SetPriority
                0x08006c40       0x54 ..\obj\stm32f4xx_hal_cortex.o
 .text.NVIC_EncodePriority
                0x08006c94       0x68 ..\obj\stm32f4xx_hal_cortex.o
 .text.SysTick_Config
                0x08006cfc       0x44 ..\obj\stm32f4xx_hal_cortex.o
 .text.HAL_NVIC_SetPriorityGrouping
                0x08006d40       0x14 ..\obj\stm32f4xx_hal_cortex.o
                0x08006d40                HAL_NVIC_SetPriorityGrouping
 .text.HAL_NVIC_SetPriority
                0x08006d54       0x38 ..\obj\stm32f4xx_hal_cortex.o
                0x08006d54                HAL_NVIC_SetPriority
 .text.HAL_NVIC_EnableIRQ
                0x08006d8c       0x1c ..\obj\stm32f4xx_hal_cortex.o
                0x08006d8c                HAL_NVIC_EnableIRQ
 .text.HAL_NVIC_DisableIRQ
                0x08006da8       0x1c ..\obj\stm32f4xx_hal_cortex.o
                0x08006da8                HAL_NVIC_DisableIRQ
 .text.HAL_SYSTICK_Config
                0x08006dc4       0x18 ..\obj\stm32f4xx_hal_cortex.o
                0x08006dc4                HAL_SYSTICK_Config
 .text.HAL_NVIC_ClearPendingIRQ
                0x08006ddc       0x1c ..\obj\stm32f4xx_hal_cortex.o
                0x08006ddc                HAL_NVIC_ClearPendingIRQ
 .text.HAL_SYSTICK_IRQHandler
                0x08006df8        0xc ..\obj\stm32f4xx_hal_cortex.o
                0x08006df8                HAL_SYSTICK_IRQHandler
 .text.HAL_SYSTICK_Callback
                0x08006e04        0xc ..\obj\stm32f4xx_hal_cortex.o
                0x08006e04                HAL_SYSTICK_Callback
 .text          0x08006e10       0x30 ..\obj\sh_cmd.o
                0x08006e10                SH_DoCommand
                0x08006e26                HardFault_Handler
 .text.SystemInit
                0x08006e40       0x5c ..\obj\system_stm32f4xx.o
                0x08006e40                SystemInit
 .text._sbrk    0x08006e9c       0x40 ..\obj\syscalls.o
                0x08006e9c                _sbrk
 .text.I2S_Transmit_IT
                0x08006edc       0x94 ..\obj\stm32f4xx_hal_i2s.o
                0x08006edc                I2S_Transmit_IT
 .text.I2S_Receive_IT
                0x08006f70       0xb8 ..\obj\stm32f4xx_hal_i2s.o
                0x08006f70                I2S_Receive_IT
 .text.TM_GENERAL_GetClockSpeed
                0x08007028       0x74 ..\obj\tm_stm32_general.o
                0x08007028                TM_GENERAL_GetClockSpeed
 .text.TM_GENERAL_DWTCounterEnable
                0x0800709c       0x8c ..\obj\tm_stm32_general.o
                0x0800709c                TM_GENERAL_DWTCounterEnable
 .text.NMI_Handler
                0x08007128        0x8 ..\obj\exception_handlers.o
                0x08007128                NMI_Handler
 .text.MemManage_Handler
                0x08007130        0x8 ..\obj\exception_handlers.o
                0x08007130                MemManage_Handler
 .text.BusFault_Handler
                0x08007138        0x8 ..\obj\exception_handlers.o
                0x08007138                BusFault_Handler
 .text.UsageFault_Handler
                0x08007140        0x8 ..\obj\exception_handlers.o
                0x08007140                UsageFault_Handler
 .text.SVC_Handler
                0x08007148        0x8 ..\obj\exception_handlers.o
                0x08007148                SVC_Handler
 .text.DebugMon_Handler
                0x08007150        0x8 ..\obj\exception_handlers.o
                0x08007150                DebugMon_Handler
 .text.PendSV_Handler
                0x08007158        0x8 ..\obj\exception_handlers.o
                0x08007158                PendSV_Handler
 .text.TM_SDRAM_Init
                0x08007160      0x190 ..\obj\tm_stm32_sdram.o
                0x08007160                TM_SDRAM_Init
 .text.TM_SDRAM_InitCustomPinsCallback
                0x080072f0       0x18 ..\obj\tm_stm32_sdram.o
                0x080072f0                TM_SDRAM_InitCustomPinsCallback
 .text.TM_SDRAM_InitPins
                0x08007308       0xb0 ..\obj\tm_stm32_sdram.o
 .text.HAL_GPIO_Init
                0x080073b8      0x350 ..\obj\stm32f4xx_hal_gpio.o
                0x080073b8                HAL_GPIO_Init
 .text.HAL_GPIO_ReadPin
                0x08007708       0x30 ..\obj\stm32f4xx_hal_gpio.o
                0x08007708                HAL_GPIO_ReadPin
 .text.HAL_PWREx_EnableOverDrive
                0x08007738       0xdc ..\obj\stm32f4xx_hal_pwr_ex.o
                0x08007738                HAL_PWREx_EnableOverDrive
 .text.FMC_SDRAM_Init
                0x08007814       0xec ..\obj\stm32f4xx_ll_fmc.o
                0x08007814                FMC_SDRAM_Init
 .text.FMC_SDRAM_Timing_Init
                0x08007900       0xfc ..\obj\stm32f4xx_ll_fmc.o
                0x08007900                FMC_SDRAM_Timing_Init
 .text.FMC_SDRAM_SendCommand
                0x080079fc       0x78 ..\obj\stm32f4xx_ll_fmc.o
                0x080079fc                FMC_SDRAM_SendCommand
 .text.FMC_SDRAM_ProgramRefreshRate
                0x08007a74       0x28 ..\obj\stm32f4xx_ll_fmc.o
                0x08007a74                FMC_SDRAM_ProgramRefreshRate
 .text.HAL_DMA_IRQHandler
                0x08007a9c      0x2d8 ..\obj\stm32f4xx_hal_dma.o
                0x08007a9c                HAL_DMA_IRQHandler
 .text.Beepy_Console_Init
                0x08007d74       0xc4 ..\obj\Beepy_Console.o
                0x08007d74                Beepy_Console_Init
 .text.Beepy_Console_Set_Mode
                0x08007e38       0x28 ..\obj\Beepy_Console.o
                0x08007e38                Beepy_Console_Set_Mode
 .text.Beepy_Console_Set_Buffer
                0x08007e60      0x108 ..\obj\Beepy_Console.o
                0x08007e60                Beepy_Console_Set_Buffer
 .text.Beepy_Console_Reset_Buffer
                0x08007f68       0xf0 ..\obj\Beepy_Console.o
                0x08007f68                Beepy_Console_Reset_Buffer
 .text.Beepy_Console_Draw_Buffer
                0x08008058      0x1bc ..\obj\Beepy_Console.o
                0x08008058                Beepy_Console_Draw_Buffer
 .text.Beepy_Console_Get_Buffer_Offset
                0x08008214       0x38 ..\obj\Beepy_Console.o
                0x08008214                Beepy_Console_Get_Buffer_Offset
 .text.Beepy_Console_Get_Float_Buffer_Offset
                0x0800824c      0x13c ..\obj\Beepy_Console.o
                0x0800824c                Beepy_Console_Get_Float_Buffer_Offset
 .text.Beepy_Console_Get_Buffer_A_Offset
                0x08008388       0x34 ..\obj\Beepy_Console.o
                0x08008388                Beepy_Console_Get_Buffer_A_Offset
 .text.Beepy_Console_Get_Buffer_B_Offset
                0x080083bc       0x34 ..\obj\Beepy_Console.o
                0x080083bc                Beepy_Console_Get_Buffer_B_Offset
 .text.Beepy_Console_Draw_Logs
                0x080083f0       0x24 ..\obj\Beepy_Console.o
                0x080083f0                Beepy_Console_Draw_Logs
 .text.Beepy_Console_Draw_Dual_Buffer
                0x08008414      0x358 ..\obj\Beepy_Console.o
                0x08008414                Beepy_Console_Draw_Dual_Buffer
 .text.Beepy_Console_Draw
                0x0800876c       0x40 ..\obj\Beepy_Console.o
                0x0800876c                Beepy_Console_Draw
 .text.Beepy_Console_Redraw_Buffer
                0x080087ac      0x16c ..\obj\Beepy_Console.o
                0x080087ac                Beepy_Console_Redraw_Buffer
 .text.Beepy_Console_Redraw_Dual_Buffer_A
                0x08008918      0x16c ..\obj\Beepy_Console.o
                0x08008918                Beepy_Console_Redraw_Dual_Buffer_A
 .text.Beepy_Console_Redraw_Dual_Buffer_B
                0x08008a84      0x16c ..\obj\Beepy_Console.o
                0x08008a84                Beepy_Console_Redraw_Dual_Buffer_B
 .text.Beepy_Console_Add_Line
                0x08008bf0       0xa4 ..\obj\Beepy_Console.o
                0x08008bf0                Beepy_Console_Add_Line
 .text.Beepy_Console_Redraw_If_Current_Mode
                0x08008c94       0x2c ..\obj\Beepy_Console.o
                0x08008c94                Beepy_Console_Redraw_If_Current_Mode
 .text.Beepy_Console_Type_Is_Signed
                0x08008cc0       0x48 ..\obj\Beepy_Console.o
                0x08008cc0                Beepy_Console_Type_Is_Signed
 .text.Beepy_Console_Update_Buffer
                0x08008d08      0x104 ..\obj\Beepy_Console.o
                0x08008d08                Beepy_Console_Update_Buffer
 .text.combine8to32
                0x08008e0c       0x3c ..\obj\Beepy_Console.o
                0x08008e0c                combine8to32
 .text.TM_RCC_InitSystem
                0x08008e48       0xc8 ..\obj\tm_stm32_rcc.o
                0x08008e48                TM_RCC_InitSystem
 .text.sin      0x08008f10       0x94 c:/program files (x86)/gnu tools arm embedded/4.8 2014q1/bin/../lib/gcc/arm-none-eabi/4.8.3/../../../../arm-none-eabi/lib/armv7-m\libm.a(lib_a-s_sin.o)
                0x08008f10                sin
 *fill*         0x08008fa4        0x4 
 .text.__ieee754_rem_pio2
                0x08008fa8      0x440 c:/program files (x86)/gnu tools arm embedded/4.8 2014q1/bin/../lib/gcc/arm-none-eabi/4.8.3/../../../../arm-none-eabi/lib/armv7-m\libm.a(lib_a-e_rem_pio2.o)
                0x08008fa8                __ieee754_rem_pio2
 .text.__kernel_cos
                0x080093e8      0x248 c:/program files (x86)/gnu tools arm embedded/4.8 2014q1/bin/../lib/gcc/arm-none-eabi/4.8.3/../../../../arm-none-eabi/lib/armv7-m\libm.a(lib_a-k_cos.o)
                0x080093e8                __kernel_cos
 .text.__kernel_rem_pio2
                0x08009630      0x7bc c:/program files (x86)/gnu tools arm embedded/4.8 2014q1/bin/../lib/gcc/arm-none-eabi/4.8.3/../../../../arm-none-eabi/lib/armv7-m\libm.a(lib_a-k_rem_pio2.o)
                0x08009630                __kernel_rem_pio2
 *fill*         0x08009dec        0x4 
 .text.__kernel_sin
                0x08009df0      0x170 c:/program files (x86)/gnu tools arm embedded/4.8 2014q1/bin/../lib/gcc/arm-none-eabi/4.8.3/../../../../arm-none-eabi/lib/armv7-m\libm.a(lib_a-k_sin.o)
                0x08009df0                __kernel_sin
 .text.fabs     0x08009f60        0x8 c:/program files (x86)/gnu tools arm embedded/4.8 2014q1/bin/../lib/gcc/arm-none-eabi/4.8.3/../../../../arm-none-eabi/lib/armv7-m\libm.a(lib_a-s_fabs.o)
                0x08009f60                fabs
 .text.floor    0x08009f68      0x120 c:/program files (x86)/gnu tools arm embedded/4.8 2014q1/bin/../lib/gcc/arm-none-eabi/4.8.3/../../../../arm-none-eabi/lib/armv7-m\libm.a(lib_a-s_floor.o)
                0x08009f68                floor
 .text.scalbn   0x0800a088      0x100 c:/program files (x86)/gnu tools arm embedded/4.8 2014q1/bin/../lib/gcc/arm-none-eabi/4.8.3/../../../../arm-none-eabi/lib/armv7-m\libm.a(lib_a-s_scalbn.o)
                0x0800a088                scalbn
 .text.copysign
                0x0800a188       0x14 c:/program files (x86)/gnu tools arm embedded/4.8 2014q1/bin/../lib/gcc/arm-none-eabi/4.8.3/../../../../arm-none-eabi/lib/armv7-m\libm.a(lib_a-s_copysign.o)
                0x0800a188                copysign
 .text          0x0800a19c      0x370 c:/program files (x86)/gnu tools arm embedded/4.8 2014q1/bin/../lib/gcc/arm-none-eabi/4.8.3/armv7-m\libgcc.a(_arm_addsubdf3.o)
                0x0800a19c                __aeabi_drsub
                0x0800a1a4                __aeabi_dsub
                0x0800a1a4                __subdf3
                0x0800a1a8                __aeabi_dadd
                0x0800a1a8                __adddf3
                0x0800a420                __floatunsidf
                0x0800a420                __aeabi_ui2d
                0x0800a440                __floatsidf
                0x0800a440                __aeabi_i2d
                0x0800a464                __aeabi_f2d
                0x0800a464                __extendsfdf2
                0x0800a4a0                __floatundidf
                0x0800a4a0                __aeabi_ul2d
                0x0800a4b0                __floatdidf
                0x0800a4b0                __aeabi_l2d
 .text          0x0800a50c      0x424 c:/program files (x86)/gnu tools arm embedded/4.8 2014q1/bin/../lib/gcc/arm-none-eabi/4.8.3/armv7-m\libgcc.a(_arm_muldivdf3.o)
                0x0800a50c                __aeabi_dmul
                0x0800a50c                __muldf3
                0x0800a760                __divdf3
                0x0800a760                __aeabi_ddiv
 .text          0x0800a930      0x110 c:/program files (x86)/gnu tools arm embedded/4.8 2014q1/bin/../lib/gcc/arm-none-eabi/4.8.3/armv7-m\libgcc.a(_arm_cmpdf2.o)
                0x0800a930                __gtdf2
                0x0800a930                __gedf2
                0x0800a938                __ltdf2
                0x0800a938                __ledf2
                0x0800a940                __nedf2
                0x0800a940                __eqdf2
                0x0800a940                __cmpdf2
                0x0800a9bc                __aeabi_cdrcmple
                0x0800a9cc                __aeabi_cdcmpeq
                0x0800a9cc                __aeabi_cdcmple
                0x0800a9dc                __aeabi_dcmpeq
                0x0800a9f0                __aeabi_dcmplt
                0x0800aa04                __aeabi_dcmple
                0x0800aa18                __aeabi_dcmpge
                0x0800aa2c                __aeabi_dcmpgt
 .text          0x0800aa40       0x50 c:/program files (x86)/gnu tools arm embedded/4.8 2014q1/bin/../lib/gcc/arm-none-eabi/4.8.3/armv7-m\libgcc.a(_arm_fixdfsi.o)
                0x0800aa40                __aeabi_d2iz
                0x0800aa40                __fixdfsi
 .text          0x0800aa90       0xa0 c:/program files (x86)/gnu tools arm embedded/4.8 2014q1/bin/../lib/gcc/arm-none-eabi/4.8.3/armv7-m\libgcc.a(_arm_truncdfsf2.o)
                0x0800aa90                __truncdfsf2
                0x0800aa90                __aeabi_d2f
 .text          0x0800ab30      0x21c c:/program files (x86)/gnu tools arm embedded/4.8 2014q1/bin/../lib/gcc/arm-none-eabi/4.8.3/armv7-m\libgcc.a(_arm_addsubsf3.o)
                0x0800ab30                __aeabi_frsub
                0x0800ab38                __subsf3
                0x0800ab38                __aeabi_fsub
                0x0800ab3c                __aeabi_fadd
                0x0800ab3c                __addsf3
                0x0800ac9c                __aeabi_ui2f
                0x0800ac9c                __floatunsisf
                0x0800aca4                __aeabi_i2f
                0x0800aca4                __floatsisf
                0x0800acc0                __aeabi_ul2f
                0x0800acc0                __floatundisf
                0x0800acd0                __aeabi_l2f
                0x0800acd0                __floatdisf
 .text          0x0800ad4c      0x2a0 c:/program files (x86)/gnu tools arm embedded/4.8 2014q1/bin/../lib/gcc/arm-none-eabi/4.8.3/armv7-m\libgcc.a(_arm_muldivsf3.o)
                0x0800ad4c                __mulsf3
                0x0800ad4c                __aeabi_fmul
                0x0800aeb4                __aeabi_fdiv
                0x0800aeb4                __divsf3
 .text          0x0800afec       0xec c:/program files (x86)/gnu tools arm embedded/4.8 2014q1/bin/../lib/gcc/arm-none-eabi/4.8.3/armv7-m\libgcc.a(_arm_cmpsf2.o)
                0x0800afec                __gesf2
                0x0800afec                __gtsf2
                0x0800aff4                __lesf2
                0x0800aff4                __ltsf2
                0x0800affc                __nesf2
                0x0800affc                __eqsf2
                0x0800affc                __cmpsf2
                0x0800b05c                __aeabi_cfrcmple
                0x0800b064                __aeabi_cfcmpeq
                0x0800b064                __aeabi_cfcmple
                0x0800b074                __aeabi_fcmpeq
                0x0800b088                __aeabi_fcmplt
                0x0800b09c                __aeabi_fcmple
                0x0800b0b0                __aeabi_fcmpge
                0x0800b0c4                __aeabi_fcmpgt
 .text          0x0800b0d8       0x4c c:/program files (x86)/gnu tools arm embedded/4.8 2014q1/bin/../lib/gcc/arm-none-eabi/4.8.3/armv7-m\libgcc.a(_arm_fixsfsi.o)
                0x0800b0d8                __aeabi_f2iz
                0x0800b0d8                __fixsfsi
 .text._malloc_trim_r
                0x0800b124       0x9c c:/program files (x86)/gnu tools arm embedded/4.8 2014q1/bin/../lib/gcc/arm-none-eabi/4.8.3/../../../../arm-none-eabi/lib/armv7-m\libg.a(lib_a-freer.o)
                0x0800b124                _malloc_trim_r
 .text._free_r  0x0800b1c0      0x198 c:/program files (x86)/gnu tools arm embedded/4.8 2014q1/bin/../lib/gcc/arm-none-eabi/4.8.3/../../../../arm-none-eabi/lib/armv7-m\libg.a(lib_a-freer.o)
                0x0800b1c0                _free_r
 .text.__libc_init_array
                0x0800b358       0x50 c:/program files (x86)/gnu tools arm embedded/4.8 2014q1/bin/../lib/gcc/arm-none-eabi/4.8.3/../../../../arm-none-eabi/lib/armv7-m\libg.a(lib_a-init.o)
                0x0800b358                __libc_init_array
 .text.malloc   0x0800b3a8       0x10 c:/program files (x86)/gnu tools arm embedded/4.8 2014q1/bin/../lib/gcc/arm-none-eabi/4.8.3/../../../../arm-none-eabi/lib/armv7-m\libg.a(lib_a-malloc.o)
                0x0800b3a8                malloc
 .text._malloc_r
                0x0800b3b8      0x538 c:/program files (x86)/gnu tools arm embedded/4.8 2014q1/bin/../lib/gcc/arm-none-eabi/4.8.3/../../../../arm-none-eabi/lib/armv7-m\libg.a(lib_a-mallocr.o)
                0x0800b3b8                _malloc_r
 .text          0x0800b8f0       0xec c:/program files (x86)/gnu tools arm embedded/4.8 2014q1/bin/../lib/gcc/arm-none-eabi/4.8.3/../../../../arm-none-eabi/lib/armv7-m\libg.a(lib_a-memcpy.o)
                0x0800b8f0                memcpy
 .text.__malloc_lock
                0x0800b9dc        0x4 c:/program files (x86)/gnu tools arm embedded/4.8 2014q1/bin/../lib/gcc/arm-none-eabi/4.8.3/../../../../arm-none-eabi/lib/armv7-m\libg.a(lib_a-mlock.o)
                0x0800b9dc                __malloc_lock
 .text.__malloc_unlock
                0x0800b9e0        0x4 c:/program files (x86)/gnu tools arm embedded/4.8 2014q1/bin/../lib/gcc/arm-none-eabi/4.8.3/../../../../arm-none-eabi/lib/armv7-m\libg.a(lib_a-mlock.o)
                0x0800b9e0                __malloc_unlock
 .text._sbrk_r  0x0800b9e4       0x24 c:/program files (x86)/gnu tools arm embedded/4.8 2014q1/bin/../lib/gcc/arm-none-eabi/4.8.3/../../../../arm-none-eabi/lib/armv7-m\libg.a(lib_a-sbrkr.o)
                0x0800b9e4                _sbrk_r
 .text          0x0800ba08      0x23c c:/program files (x86)/gnu tools arm embedded/4.8 2014q1/bin/../lib/gcc/arm-none-eabi/4.8.3/../../../../arm-none-eabi/lib/armv7-m\libg.a(lib_a-strcmp.o)
                0x0800ba08                strcmp
 .text.startup.register_fini
                0x0800bc44       0x14 c:/program files (x86)/gnu tools arm embedded/4.8 2014q1/bin/../lib/gcc/arm-none-eabi/4.8.3/../../../../arm-none-eabi/lib/armv7-m\libg.a(lib_a-__call_atexit.o)
 .text.atexit   0x0800bc58        0xc c:/program files (x86)/gnu tools arm embedded/4.8 2014q1/bin/../lib/gcc/arm-none-eabi/4.8.3/../../../../arm-none-eabi/lib/armv7-m\libg.a(lib_a-atexit.o)
                0x0800bc58                atexit
 .text.__libc_fini_array
                0x0800bc64       0x30 c:/program files (x86)/gnu tools arm embedded/4.8 2014q1/bin/../lib/gcc/arm-none-eabi/4.8.3/../../../../arm-none-eabi/lib/armv7-m\libg.a(lib_a-fini.o)
                0x0800bc64                __libc_fini_array
 .text.__register_exitproc
                0x0800bc94       0xa8 c:/program files (x86)/gnu tools arm embedded/4.8 2014q1/bin/../lib/gcc/arm-none-eabi/4.8.3/../../../../arm-none-eabi/lib/armv7-m\libg.a(lib_a-__atexit.o)
                0x0800bc94                __register_exitproc
 *(.init)
 .init          0x0800bd3c        0x4 c:/program files (x86)/gnu tools arm embedded/4.8 2014q1/bin/../lib/gcc/arm-none-eabi/4.8.3/armv7-m/crti.o
                0x0800bd3c                _init
 .init          0x0800bd40        0x8 c:/program files (x86)/gnu tools arm embedded/4.8 2014q1/bin/../lib/gcc/arm-none-eabi/4.8.3/armv7-m/crtn.o
 *(.fini)
 .fini          0x0800bd48        0x4 c:/program files (x86)/gnu tools arm embedded/4.8 2014q1/bin/../lib/gcc/arm-none-eabi/4.8.3/armv7-m/crti.o
                0x0800bd48                _fini
 .fini          0x0800bd4c        0x8 c:/program files (x86)/gnu tools arm embedded/4.8 2014q1/bin/../lib/gcc/arm-none-eabi/4.8.3/armv7-m/crtn.o
 *crtbegin.o(.ctors)
 *crtbegin?.o(.ctors)
 *(EXCLUDE_FILE(*crtend.o *crtend?.o) .ctors)
 *(SORT(.ctors.*))
 *(.ctors)
 *crtbegin.o(.dtors)
 *crtbegin?.o(.dtors)
 *(EXCLUDE_FILE(*crtend.o *crtend?.o) .dtors)
 *(SORT(.dtors.*))
 *(.dtors)
 *(.rodata*)
 .rodata        0x0800bd54       0x58 ..\obj\Beepy_Console_USART_Interface.o
 .rodata        0x0800bdac       0x3c ..\obj\main.o
 .rodata        0x0800bde8       0x10 ..\obj\stm32f4xx_hal_rcc.o
                0x0800bde8                APBAHBPrescTable
 .rodata        0x0800bdf8       0x60 ..\obj\Beepy_Console.o
 .rodata        0x0800be58     0x2814 ..\obj\tm_stm32_fonts.o
                0x0800be58                TM_Font7x10
                0x0800c5c4                TM_Font11x18
                0x0800d320                TM_Font16x26
 .rodata.npio2_hw
                0x0800e66c       0x80 c:/program files (x86)/gnu tools arm embedded/4.8 2014q1/bin/../lib/gcc/arm-none-eabi/4.8.3/../../../../arm-none-eabi/lib/armv7-m\libm.a(lib_a-e_rem_pio2.o)
 .rodata.two_over_pi
                0x0800e6ec      0x108 c:/program files (x86)/gnu tools arm embedded/4.8 2014q1/bin/../lib/gcc/arm-none-eabi/4.8.3/../../../../arm-none-eabi/lib/armv7-m\libm.a(lib_a-e_rem_pio2.o)
 .rodata.init_jk
                0x0800e7f4       0x10 c:/program files (x86)/gnu tools arm embedded/4.8 2014q1/bin/../lib/gcc/arm-none-eabi/4.8.3/../../../../arm-none-eabi/lib/armv7-m\libm.a(lib_a-k_rem_pio2.o)
 *fill*         0x0800e804        0x4 
 .rodata.PIo2   0x0800e808       0x40 c:/program files (x86)/gnu tools arm embedded/4.8 2014q1/bin/../lib/gcc/arm-none-eabi/4.8.3/../../../../arm-none-eabi/lib/armv7-m\libm.a(lib_a-k_rem_pio2.o)
 .rodata.str1.4
                0x0800e848        0x4 c:/program files (x86)/gnu tools arm embedded/4.8 2014q1/bin/../lib/gcc/arm-none-eabi/4.8.3/../../../../arm-none-eabi/lib/armv7-m\libg.a(lib_a-impure.o)
 .rodata._global_impure_ptr
                0x0800e84c        0x4 c:/program files (x86)/gnu tools arm embedded/4.8 2014q1/bin/../lib/gcc/arm-none-eabi/4.8.3/../../../../arm-none-eabi/lib/armv7-m\libg.a(lib_a-impure.o)
                0x0800e84c                _global_impure_ptr
 *(.eh_fram e*)

.eh_frame       0x0800e850        0x0
 .eh_frame      0x0800e850        0x0 c:/program files (x86)/gnu tools arm embedded/4.8 2014q1/bin/../lib/gcc/arm-none-eabi/4.8.3/armv7-m/crtbegin.o

.glue_7         0x0800e850        0x0
 .glue_7        0x00000000        0x0 linker stubs

.glue_7t        0x0800e850        0x0
 .glue_7t       0x00000000        0x0 linker stubs

.vfp11_veneer   0x0800e850        0x0
 .vfp11_veneer  0x00000000        0x0 linker stubs

.v4_bx          0x0800e850        0x0
 .v4_bx         0x00000000        0x0 linker stubs

.iplt           0x0800e850        0x0
 .iplt          0x00000000        0x0 c:/program files (x86)/gnu tools arm embedded/4.8 2014q1/bin/../lib/gcc/arm-none-eabi/4.8.3/armv7-m/crtbegin.o

.rel.dyn        0x0800e850        0x0
 .rel.iplt      0x00000000        0x0 c:/program files (x86)/gnu tools arm embedded/4.8 2014q1/bin/../lib/gcc/arm-none-eabi/4.8.3/armv7-m/crtbegin.o

.ARM.extab
 *(.ARM.extab* .gnu.linkonce.armextab.*)
                0x0800e850                __exidx_start = .

.ARM.exidx
 *(.ARM.exidx* .gnu.linkonce.armexidx.*)
                0x0800e850                __exidx_end = .
                0x0800e850                __etext = .
                0x0800e850                _sidata = __etext

.data           0x20000000      0x93c load address 0x0800e850
                0x20000000                __data_start__ = .
                0x20000000                _sdata = __data_start__
 *(vtable)
 *(.data*)
 .data          0x20000000       0xc0 ..\obj\tm_stm32_usart.o
                0x20000000                TM_USART1
                0x20000018                TM_USART2
                0x20000030                TM_USART3
                0x20000048                TM_UART4
                0x20000060                TM_UART5
                0x20000078                TM_USART6
                0x20000090                TM_UART7
                0x200000a8                TM_UART8
 .data          0x200000c0        0x4 ..\obj\tm_stm32_dma2d_graphic.o
                0x200000c0                DMA2D_Color
 .data          0x200000c4       0x14 ..\obj\system_stm32f4xx.o
                0x200000c4                SystemCoreClock
                0x200000c8                AHBPrescTable
 .data          0x200000d8       0x18 ..\obj\tm_stm32_fonts.o
                0x200000d8                TM_Font_7x10
                0x200000e0                TM_Font_11x18
                0x200000e8                TM_Font_16x26
 .data.impure_data
                0x200000f0      0x428 c:/program files (x86)/gnu tools arm embedded/4.8 2014q1/bin/../lib/gcc/arm-none-eabi/4.8.3/../../../../arm-none-eabi/lib/armv7-m\libg.a(lib_a-impure.o)
 .data._impure_ptr
                0x20000518        0x4 c:/program files (x86)/gnu tools arm embedded/4.8 2014q1/bin/../lib/gcc/arm-none-eabi/4.8.3/../../../../arm-none-eabi/lib/armv7-m\libg.a(lib_a-impure.o)
                0x20000518                _impure_ptr
 .data.__malloc_av_
                0x2000051c      0x408 c:/program files (x86)/gnu tools arm embedded/4.8 2014q1/bin/../lib/gcc/arm-none-eabi/4.8.3/../../../../arm-none-eabi/lib/armv7-m\libg.a(lib_a-mallocr.o)
                0x2000051c                __malloc_av_
 .data.__malloc_trim_threshold
                0x20000924        0x4 c:/program files (x86)/gnu tools arm embedded/4.8 2014q1/bin/../lib/gcc/arm-none-eabi/4.8.3/../../../../arm-none-eabi/lib/armv7-m\libg.a(lib_a-mallocr.o)
                0x20000924                __malloc_trim_threshold
 .data.__malloc_sbrk_base
                0x20000928        0x4 c:/program files (x86)/gnu tools arm embedded/4.8 2014q1/bin/../lib/gcc/arm-none-eabi/4.8.3/../../../../arm-none-eabi/lib/armv7-m\libg.a(lib_a-mallocr.o)
                0x20000928                __malloc_sbrk_base
                0x2000092c                . = ALIGN (0x4)
                0x2000092c                PROVIDE (__preinit_array_start, .)
 *(.preinit_array)
                0x2000092c                PROVIDE (__preinit_array_end, .)
                0x2000092c                . = ALIGN (0x4)
                0x2000092c                PROVIDE (__init_array_start, .)
 *(SORT(.init_array.*))
 .init_array.00000
                0x2000092c        0x4 c:/program files (x86)/gnu tools arm embedded/4.8 2014q1/bin/../lib/gcc/arm-none-eabi/4.8.3/../../../../arm-none-eabi/lib/armv7-m\libg.a(lib_a-__call_atexit.o)
 *(.init_array)
 .init_array    0x20000930        0x4 c:/program files (x86)/gnu tools arm embedded/4.8 2014q1/bin/../lib/gcc/arm-none-eabi/4.8.3/armv7-m/crtbegin.o
                0x20000934                PROVIDE (__init_array_end, .)
                0x20000934                . = ALIGN (0x4)
                0x20000934                PROVIDE (__fini_array_start, .)
 *(SORT(.fini_array.*))
 *(.fini_array)
 .fini_array    0x20000934        0x4 c:/program files (x86)/gnu tools arm embedded/4.8 2014q1/bin/../lib/gcc/arm-none-eabi/4.8.3/armv7-m/crtbegin.o
                0x20000938                PROVIDE (__fini_array_end, .)
 *(.jcr*)
 .jcr           0x20000938        0x0 c:/program files (x86)/gnu tools arm embedded/4.8 2014q1/bin/../lib/gcc/arm-none-eabi/4.8.3/armv7-m/crtbegin.o
 .jcr           0x20000938        0x4 c:/program files (x86)/gnu tools arm embedded/4.8 2014q1/bin/../lib/gcc/arm-none-eabi/4.8.3/armv7-m/crtend.o
                0x2000093c                . = ALIGN (0x4)
                0x2000093c                __data_end__ = .
                0x2000093c                _edata = __data_end__

.igot.plt       0x2000093c        0x0 load address 0x0800f18c
 .igot.plt      0x00000000        0x0 c:/program files (x86)/gnu tools arm embedded/4.8 2014q1/bin/../lib/gcc/arm-none-eabi/4.8.3/armv7-m/crtbegin.o

.bss            0x2000093c     0x321c load address 0x0800f18c
                0x2000093c                . = ALIGN (0x4)
                0x2000093c                __bss_start__ = .
                0x2000093c                _sbss = __bss_start__
 *(.bss*)
 .bss           0x2000093c       0x1c c:/program files (x86)/gnu tools arm embedded/4.8 2014q1/bin/../lib/gcc/arm-none-eabi/4.8.3/armv7-m/crtbegin.o
 .bss           0x20000958        0x8 ..\obj\stm32f4xx_hal_msp.o
 .bss           0x20000960       0x8c ..\obj\Beepy_Console_USART_Interface.o
 .bss           0x200009ec       0xd8 ..\obj\tm_stm32_lcd.o
 .bss           0x20000ac4       0x40 ..\obj\tm_stm32_usart.o
 .bss           0x20000b04       0x20 ..\obj\tm_stm32_delay.o
                0x20000b04                TM_Time2
                0x20000b08                TM_Time
 .bss           0x20000b24        0x4 ..\obj\xprintf.o
 .bss           0x20000b28       0x40 ..\obj\tm_stm32_dma2d_graphic.o
 .bss           0x20000b68       0x1c ..\obj\tm_stm32_gpio.o
 .bss           0x20000b84        0x4 ..\obj\syscalls.o
 .bss           0x20000b88        0x4 ..\obj\tm_stm32_general.o
                0x20000b88                GENERAL_SystemSpeedInMHz
 .bss           0x20000b8c        0x1 ..\obj\tm_stm32_sdram.o
 *fill*         0x20000b8d        0x3 
 .bss           0x20000b90       0x50 ..\obj\Beepy_Console.o
 .bss.__malloc_max_total_mem
                0x20000be0        0x4 c:/program files (x86)/gnu tools arm embedded/4.8 2014q1/bin/../lib/gcc/arm-none-eabi/4.8.3/../../../../arm-none-eabi/lib/armv7-m\libg.a(lib_a-mallocr.o)
                0x20000be0                __malloc_max_total_mem
 .bss.__malloc_max_sbrked_mem
                0x20000be4        0x4 c:/program files (x86)/gnu tools arm embedded/4.8 2014q1/bin/../lib/gcc/arm-none-eabi/4.8.3/../../../../arm-none-eabi/lib/armv7-m\libg.a(lib_a-mallocr.o)
                0x20000be4                __malloc_max_sbrked_mem
 .bss.__malloc_top_pad
                0x20000be8        0x4 c:/program files (x86)/gnu tools arm embedded/4.8 2014q1/bin/../lib/gcc/arm-none-eabi/4.8.3/../../../../arm-none-eabi/lib/armv7-m\libg.a(lib_a-mallocr.o)
                0x20000be8                __malloc_top_pad
 .bss.__malloc_current_mallinfo
                0x20000bec       0x28 c:/program files (x86)/gnu tools arm embedded/4.8 2014q1/bin/../lib/gcc/arm-none-eabi/4.8.3/../../../../arm-none-eabi/lib/armv7-m\libg.a(lib_a-mallocr.o)
                0x20000bec                __malloc_current_mallinfo
 *(COMMON)
 COMMON         0x20000c14      0x27c ..\obj\stm32f4xx_hal_msp.o
                0x20000c14                hi2c3
                0x20000c50                hdma_spi3_tx
                0x20000ca8                hdma_i2s2_ext_tx
                0x20000d00                hdma_i2s2_ext_rx
                0x20000d58                hdma_spi2_tx
                0x20000db0                hdma_i2s3_ext_rx
                0x20000e08                hi2s2
                0x20000e4c                hi2s3
 COMMON         0x20000e90     0x2490 ..\obj\main.o
                0x20000e90                console_buffer
                0x200012dc                CPU_LOAD
                0x200012ec                wave_bufferA
                0x200022ec                wave_bufferB
                0x200032ec                hsdram1
 COMMON         0x20003320      0x800 ..\obj\tm_stm32_usart.o
                0x20003320                UART5_Buffer
                0x20003420                USART6_Buffer
                0x20003520                USART2_Buffer
                0x20003620                USART1_Buffer
                0x20003720                USART3_Buffer
                0x20003820                UART4_Buffer
                0x20003920                UART8_Buffer
                0x20003a20                UART7_Buffer
 COMMON         0x20003b20        0x8 ..\obj\xprintf.o
                0x20003b20                xfunc_in
                0x20003b24                xfunc_out
 COMMON         0x20003b28       0x2c ..\obj\tm_stm32_dma2d_graphic.o
                0x20003b28                DMA2D_Height
                0x20003b2c                DIS
                0x20003b4c                DMA2D_StartAddress
                0x20003b50                DMA2D_Width
 COMMON         0x20003b54        0x4 c:/program files (x86)/gnu tools arm embedded/4.8 2014q1/bin/../lib/gcc/arm-none-eabi/4.8.3/../../../../arm-none-eabi/lib/armv7-m\libg.a(lib_a-reent.o)
                0x20003b54                errno
                0x20003b58                . = ALIGN (0x4)
                0x20003b58                __bss_end__ = .
                0x20003b58                _ebss = __bss_end__

.heap           0x20003b58        0x0
                0x20003b58                __end__ = .
                0x20003b58                _end = __end__
                0x20003b58                end = __end__
 *(.heap*)
                0x20003b58                __HeapLimit = .

.co_stack       0x20003b58        0x0
                0x20003b58                . = ALIGN (0x8)
 *(.co_stack .co_stack.*)
                0x20030000                __StackTop = (ORIGIN (ram) + 0x30000)
                0x20030000                __StackLimit = (__StackTop - SIZEOF (.co_stack))
                0x20030000                PROVIDE (__stack, __StackTop)
                0x00000001                ASSERT ((__StackLimit >= __HeapLimit), region ram  overflowed with stack)
LOAD ..\obj\semihosting.o
LOAD ..\obj\tm_stm32_touch_ft5336.o
LOAD ..\obj\tm_stm32_cpu_load.o
LOAD ..\obj\stm32f4xx_hal_spi.o
LOAD ..\obj\msmftf.o
LOAD ..\obj\stm32f4xx_hal_flash_ramfunc.o
LOAD ..\obj\tm_stm32_adc.o
LOAD ..\obj\tm_stm32_gps.o
LOAD ..\obj\stm32f4xx_hal_i2c.o
LOAD ..\obj\stm32f4xx_hal_rng.o
LOAD ..\obj\stm32f4xx_hal_ltdc.o
LOAD ..\obj\stm32f4xx_hal_msp.o
LOAD ..\obj\stm32f4xx_hal_iwdg.o
LOAD ..\obj\tm_stm32_rotary_encoder.o
LOAD ..\obj\Beepy_Console_USART_Interface.o
LOAD ..\obj\stm32f4xx_hal_eth.o
LOAD ..\obj\rls.o
LOAD ..\obj\stm32f4xx_ll_fsmc.o
LOAD ..\obj\history.o
LOAD ..\obj\tm_stm32_button.o
LOAD ..\obj\tm_stm32_ssd1306.o
LOAD ..\obj\tm_stm32_lcd.o
LOAD ..\obj\stm32f4xx_hal_rtc.o
LOAD ..\obj\not_main.o
LOAD ..\obj\reverb.o
LOAD ..\obj\stm32f4xx_hal_uart.o
LOAD ..\obj\tm_stm32_exti.o
LOAD ..\obj\stm32f4xx_hal_tim.o
LOAD ..\obj\stm32f4xx_hal_hash_ex.o
LOAD ..\obj\stm32f4xx_hal_dma2d.o
LOAD ..\obj\component.o
LOAD ..\obj\stm32f4xx_ll_usb.o
LOAD ..\obj\stm32f4xx_hal_smartcard.o
LOAD ..\obj\stm32f4xx_hal_usart.o
LOAD ..\obj\tm_stm32_disco.o
LOAD ..\obj\tm_stm32_iwdg.o
LOAD ..\obj\wav.o
LOAD ..\obj\echo.o
LOAD ..\obj\main.o
LOAD ..\obj\stm32f4xx_hal_i2s_ex.o
LOAD ..\obj\tm_stm32_ds18b20.o
LOAD ..\obj\stm32f4xx_it.o
LOAD ..\obj\oscillator.o
LOAD ..\obj\stm32f4xx_hal_flash.o
LOAD ..\obj\serlcd.o
LOAD ..\obj\tm_stm32_hd44780.o
LOAD ..\obj\tm_stm32_bor.o
LOAD ..\obj\tm_stm32_spi.o
LOAD ..\obj\stm32f4xx_hal_pwr.o
LOAD ..\obj\tm_stm32_i2c.o
LOAD ..\obj\startup_stm32f429xx.o
LOAD ..\obj\stm32f4xx_hal_can.o
LOAD ..\obj\tm_stm32_rng.o
LOAD ..\obj\dma_callback.o
LOAD ..\obj\tm_stm32_usart.o
LOAD ..\obj\stm32f4xx_hal_irda.o
LOAD ..\obj\stm32f4xx_hal_dac.o
LOAD ..\obj\stm32f4xx_hal_adc_ex.o
LOAD ..\obj\stm32f4xx_hal_sd.o
LOAD ..\obj\stm32f4xx_hal_rtc_ex.o
LOAD ..\obj\stm32f4xx_hal.o
LOAD ..\obj\tm_stm32_fft.o
LOAD ..\obj\tm_stm32_delay.o
LOAD ..\obj\stm32f4xx_hal_dma_ex.o
LOAD ..\obj\stm32f4xx_hal_rcc_ex.o
LOAD ..\obj\stm32f4xx_hal_crc.o
LOAD ..\obj\xprintf.o
LOAD ..\obj\tm_stm32_dma2d_graphic.o
LOAD ..\obj\alloc_components.o
LOAD ..\obj\stm32f4xx_hal_sdram.o
LOAD ..\obj\stm32f4xx_hal_dcmi.o
LOAD ..\obj\stm32f4xx_hal_rcc.o
LOAD ..\obj\tm_stm32_buffer.o
LOAD ..\obj\stm32f4xx_hal_flash_ex.o
LOAD ..\obj\tm_stm32_gpio.o
LOAD ..\obj\stm32f4xx_hal_cortex.o
LOAD ..\obj\sh_cmd.o
LOAD ..\obj\system_stm32f4xx.o
LOAD ..\obj\syscalls.o
LOAD ..\obj\stm32f4xx_hal_adc.o
LOAD ..\obj\stm32f4xx_hal_i2s.o
LOAD ..\obj\wolfson.o
LOAD ..\obj\stm32f4xx_hal_pcd.o
LOAD ..\obj\stm32f4xx_hal_cryp.o
LOAD ..\obj\tm_stm32_general.o
LOAD ..\obj\tm_stm32_touch.o
LOAD ..\obj\tm_stm32_string.o
LOAD ..\obj\tm_stm32_touch_ts3510.o
LOAD ..\obj\exception_handlers.o
LOAD ..\obj\tm_stm32_sdram.o
LOAD ..\obj\stm32f4xx_hal_pcd_ex.o
LOAD ..\obj\stm32f4xx_hal_gpio.o
LOAD ..\obj\stm32f4xx_hal_i2c_ex.o
LOAD ..\obj\stm32f4xx_hal_nor.o
LOAD ..\obj\stm32f4xx_hal_nand.o
LOAD ..\obj\stm32f4xx_hal_pccard.o
LOAD ..\obj\stm32f4xx_hal_sram.o
LOAD ..\obj\stm32f4xx_hal_dac_ex.o
LOAD ..\obj\misc.o
LOAD ..\obj\tm_stm32_onewire.o
LOAD ..\obj\stm32f4xx_hal_hcd.o
LOAD ..\obj\tm_stm32_dac.o
LOAD ..\obj\stm32f4xx_hal_pwr_ex.o
LOAD ..\obj\stm32f4xx_hal_tim_ex.o
LOAD ..\obj\stm32f4xx_ll_fmc.o
LOAD ..\obj\stm32f4xx_ll_sdmmc.o
LOAD ..\obj\tm_stm32_library_template.o
LOAD ..\obj\stm32f4xx_hal_cryp_ex.o
LOAD ..\obj\ANC_noise.o
LOAD ..\obj\tm_stm32_mpu6050.o
LOAD ..\obj\lftf.o
LOAD ..\obj\stm32f4xx_hal_hash.o
LOAD ..\obj\stm32f4xx_hal_sai.o
LOAD ..\obj\stm32f4xx_hal_dma.o
LOAD ..\obj\tm_stm32_crc.o
LOAD ..\obj\tm_stm32_nrf24l01.o
LOAD ..\obj\test_components.o
LOAD ..\obj\controller.o
LOAD ..\obj\Beepy_Console.o
LOAD ..\obj\tm_stm32_am2301.o
LOAD ..\obj\tm_stm32_id.o
LOAD ..\obj\tm_stm32_rcc.o
LOAD ..\obj\stm32f4xx_hal_wwdg.o
LOAD ..\obj\tm_stm32_fonts.o
LOAD c:/program files (x86)/gnu tools arm embedded/4.8 2014q1/bin/../lib/gcc/arm-none-eabi/4.8.3/../../../../arm-none-eabi/lib/armv7-m\libm.a
START GROUP
LOAD c:/program files (x86)/gnu tools arm embedded/4.8 2014q1/bin/../lib/gcc/arm-none-eabi/4.8.3/armv7-m\libgcc.a
LOAD c:/program files (x86)/gnu tools arm embedded/4.8 2014q1/bin/../lib/gcc/arm-none-eabi/4.8.3/../../../../arm-none-eabi/lib/armv7-m\libg.a
LOAD c:/program files (x86)/gnu tools arm embedded/4.8 2014q1/bin/../lib/gcc/arm-none-eabi/4.8.3/../../../../arm-none-eabi/lib/armv7-m\libc.a
END GROUP
LOAD c:/program files (x86)/gnu tools arm embedded/4.8 2014q1/bin/../lib/gcc/arm-none-eabi/4.8.3/armv7-m/crtend.o
LOAD c:/program files (x86)/gnu tools arm embedded/4.8 2014q1/bin/../lib/gcc/arm-none-eabi/4.8.3/armv7-m/crtn.o
OUTPUT(STM32F429ZI_LCD.elf elf32-littlearm)

.ARM.attributes
                0x00000000       0x2f
 .ARM.attributes
                0x00000000       0x1d c:/program files (x86)/gnu tools arm embedded/4.8 2014q1/bin/../lib/gcc/arm-none-eabi/4.8.3/armv7-m/crti.o
 .ARM.attributes
                0x0000001d       0x2d c:/program files (x86)/gnu tools arm embedded/4.8 2014q1/bin/../lib/gcc/arm-none-eabi/4.8.3/armv7-m/crtbegin.o
 .ARM.attributes
                0x0000004a       0x33 ..\obj\tm_stm32_cpu_load.o
 .ARM.attributes
                0x0000007d       0x33 ..\obj\stm32f4xx_hal_spi.o
 .ARM.attributes
                0x000000b0       0x33 ..\obj\stm32f4xx_hal_ltdc.o
 .ARM.attributes
                0x000000e3       0x33 ..\obj\stm32f4xx_hal_msp.o
 .ARM.attributes
                0x00000116       0x33 ..\obj\Beepy_Console_USART_Interface.o
 .ARM.attributes
                0x00000149       0x33 ..\obj\tm_stm32_lcd.o
 .ARM.attributes
                0x0000017c       0x33 ..\obj\stm32f4xx_hal_uart.o
 .ARM.attributes
                0x000001af       0x33 ..\obj\tm_stm32_exti.o
 .ARM.attributes
                0x000001e2       0x33 ..\obj\stm32f4xx_hal_dma2d.o
 .ARM.attributes
                0x00000215       0x33 ..\obj\tm_stm32_disco.o
 .ARM.attributes
                0x00000248       0x33 ..\obj\main.o
 .ARM.attributes
                0x0000027b       0x33 ..\obj\stm32f4xx_hal_i2s_ex.o
 .ARM.attributes
                0x000002ae       0x33 ..\obj\stm32f4xx_it.o
 .ARM.attributes
                0x000002e1       0x33 ..\obj\tm_stm32_spi.o
 .ARM.attributes
                0x00000314       0x21 ..\obj\startup_stm32f429xx.o
 .ARM.attributes
                0x00000335       0x33 ..\obj\tm_stm32_rng.o
 .ARM.attributes
                0x00000368       0x33 ..\obj\tm_stm32_usart.o
 .ARM.attributes
                0x0000039b       0x33 ..\obj\stm32f4xx_hal.o
 .ARM.attributes
                0x000003ce       0x33 ..\obj\tm_stm32_delay.o
 .ARM.attributes
                0x00000401       0x33 ..\obj\stm32f4xx_hal_rcc_ex.o
 .ARM.attributes
                0x00000434       0x33 ..\obj\xprintf.o
 .ARM.attributes
                0x00000467       0x33 ..\obj\tm_stm32_dma2d_graphic.o
 .ARM.attributes
                0x0000049a       0x33 ..\obj\stm32f4xx_hal_sdram.o
 .ARM.attributes
                0x000004cd       0x33 ..\obj\stm32f4xx_hal_rcc.o
 .ARM.attributes
                0x00000500       0x33 ..\obj\tm_stm32_buffer.o
 .ARM.attributes
                0x00000533       0x33 ..\obj\tm_stm32_gpio.o
 .ARM.attributes
                0x00000566       0x33 ..\obj\stm32f4xx_hal_cortex.o
 .ARM.attributes
                0x00000599       0x21 ..\obj\sh_cmd.o
 .ARM.attributes
                0x000005ba       0x33 ..\obj\system_stm32f4xx.o
 .ARM.attributes
                0x000005ed       0x33 ..\obj\syscalls.o
 .ARM.attributes
                0x00000620       0x33 ..\obj\stm32f4xx_hal_i2s.o
 .ARM.attributes
                0x00000653       0x33 ..\obj\tm_stm32_general.o
 .ARM.attributes
                0x00000686       0x33 ..\obj\exception_handlers.o
 .ARM.attributes
                0x000006b9       0x33 ..\obj\tm_stm32_sdram.o
 .ARM.attributes
                0x000006ec       0x33 ..\obj\stm32f4xx_hal_gpio.o
 .ARM.attributes
                0x0000071f       0x33 ..\obj\stm32f4xx_hal_pwr_ex.o
 .ARM.attributes
                0x00000752       0x33 ..\obj\stm32f4xx_ll_fmc.o
 .ARM.attributes
                0x00000785       0x33 ..\obj\stm32f4xx_hal_dma.o
 .ARM.attributes
                0x000007b8       0x33 ..\obj\Beepy_Console.o
 .ARM.attributes
                0x000007eb       0x33 ..\obj\tm_stm32_rcc.o
 .ARM.attributes
                0x0000081e       0x33 ..\obj\tm_stm32_fonts.o
 .ARM.attributes
                0x00000851       0x2d c:/program files (x86)/gnu tools arm embedded/4.8 2014q1/bin/../lib/gcc/arm-none-eabi/4.8.3/../../../../arm-none-eabi/lib/armv7-m\libm.a(lib_a-s_sin.o)
 .ARM.attributes
                0x0000087e       0x2d c:/program files (x86)/gnu tools arm embedded/4.8 2014q1/bin/../lib/gcc/arm-none-eabi/4.8.3/../../../../arm-none-eabi/lib/armv7-m\libm.a(lib_a-e_rem_pio2.o)
 .ARM.attributes
                0x000008ab       0x2d c:/program files (x86)/gnu tools arm embedded/4.8 2014q1/bin/../lib/gcc/arm-none-eabi/4.8.3/../../../../arm-none-eabi/lib/armv7-m\libm.a(lib_a-k_cos.o)
 .ARM.attributes
                0x000008d8       0x2d c:/program files (x86)/gnu tools arm embedded/4.8 2014q1/bin/../lib/gcc/arm-none-eabi/4.8.3/../../../../arm-none-eabi/lib/armv7-m\libm.a(lib_a-k_rem_pio2.o)
 .ARM.attributes
                0x00000905       0x2d c:/program files (x86)/gnu tools arm embedded/4.8 2014q1/bin/../lib/gcc/arm-none-eabi/4.8.3/../../../../arm-none-eabi/lib/armv7-m\libm.a(lib_a-k_sin.o)
 .ARM.attributes
                0x00000932       0x2d c:/program files (x86)/gnu tools arm embedded/4.8 2014q1/bin/../lib/gcc/arm-none-eabi/4.8.3/../../../../arm-none-eabi/lib/armv7-m\libm.a(lib_a-s_fabs.o)
 .ARM.attributes
                0x0000095f       0x2d c:/program files (x86)/gnu tools arm embedded/4.8 2014q1/bin/../lib/gcc/arm-none-eabi/4.8.3/../../../../arm-none-eabi/lib/armv7-m\libm.a(lib_a-s_floor.o)
 .ARM.attributes
                0x0000098c       0x2d c:/program files (x86)/gnu tools arm embedded/4.8 2014q1/bin/../lib/gcc/arm-none-eabi/4.8.3/../../../../arm-none-eabi/lib/armv7-m\libm.a(lib_a-s_scalbn.o)
 .ARM.attributes
                0x000009b9       0x2d c:/program files (x86)/gnu tools arm embedded/4.8 2014q1/bin/../lib/gcc/arm-none-eabi/4.8.3/../../../../arm-none-eabi/lib/armv7-m\libm.a(lib_a-s_copysign.o)
 .ARM.attributes
                0x000009e6       0x1d c:/program files (x86)/gnu tools arm embedded/4.8 2014q1/bin/../lib/gcc/arm-none-eabi/4.8.3/armv7-m\libgcc.a(_arm_addsubdf3.o)
 .ARM.attributes
                0x00000a03       0x1d c:/program files (x86)/gnu tools arm embedded/4.8 2014q1/bin/../lib/gcc/arm-none-eabi/4.8.3/armv7-m\libgcc.a(_arm_muldivdf3.o)
 .ARM.attributes
                0x00000a20       0x1d c:/program files (x86)/gnu tools arm embedded/4.8 2014q1/bin/../lib/gcc/arm-none-eabi/4.8.3/armv7-m\libgcc.a(_arm_cmpdf2.o)
 .ARM.attributes
                0x00000a3d       0x1d c:/program files (x86)/gnu tools arm embedded/4.8 2014q1/bin/../lib/gcc/arm-none-eabi/4.8.3/armv7-m\libgcc.a(_arm_fixdfsi.o)
 .ARM.attributes
                0x00000a5a       0x1d c:/program files (x86)/gnu tools arm embedded/4.8 2014q1/bin/../lib/gcc/arm-none-eabi/4.8.3/armv7-m\libgcc.a(_arm_truncdfsf2.o)
 .ARM.attributes
                0x00000a77       0x1d c:/program files (x86)/gnu tools arm embedded/4.8 2014q1/bin/../lib/gcc/arm-none-eabi/4.8.3/armv7-m\libgcc.a(_arm_addsubsf3.o)
 .ARM.attributes
                0x00000a94       0x1d c:/program files (x86)/gnu tools arm embedded/4.8 2014q1/bin/../lib/gcc/arm-none-eabi/4.8.3/armv7-m\libgcc.a(_arm_muldivsf3.o)
 .ARM.attributes
                0x00000ab1       0x1d c:/program files (x86)/gnu tools arm embedded/4.8 2014q1/bin/../lib/gcc/arm-none-eabi/4.8.3/armv7-m\libgcc.a(_arm_cmpsf2.o)
 .ARM.attributes
                0x00000ace       0x1d c:/program files (x86)/gnu tools arm embedded/4.8 2014q1/bin/../lib/gcc/arm-none-eabi/4.8.3/armv7-m\libgcc.a(_arm_fixsfsi.o)
 .ARM.attributes
                0x00000aeb       0x2d c:/program files (x86)/gnu tools arm embedded/4.8 2014q1/bin/../lib/gcc/arm-none-eabi/4.8.3/../../../../arm-none-eabi/lib/armv7-m\libg.a(lib_a-freer.o)
 .ARM.attributes
                0x00000b18       0x2d c:/program files (x86)/gnu tools arm embedded/4.8 2014q1/bin/../lib/gcc/arm-none-eabi/4.8.3/../../../../arm-none-eabi/lib/armv7-m\libg.a(lib_a-impure.o)
 .ARM.attributes
                0x00000b45       0x2d c:/program files (x86)/gnu tools arm embedded/4.8 2014q1/bin/../lib/gcc/arm-none-eabi/4.8.3/../../../../arm-none-eabi/lib/armv7-m\libg.a(lib_a-init.o)
 .ARM.attributes
                0x00000b72       0x2d c:/program files (x86)/gnu tools arm embedded/4.8 2014q1/bin/../lib/gcc/arm-none-eabi/4.8.3/../../../../arm-none-eabi/lib/armv7-m\libg.a(lib_a-malloc.o)
 .ARM.attributes
                0x00000b9f       0x2d c:/program files (x86)/gnu tools arm embedded/4.8 2014q1/bin/../lib/gcc/arm-none-eabi/4.8.3/../../../../arm-none-eabi/lib/armv7-m\libg.a(lib_a-mallocr.o)
 .ARM.attributes
                0x00000bcc       0x1b c:/program files (x86)/gnu tools arm embedded/4.8 2014q1/bin/../lib/gcc/arm-none-eabi/4.8.3/../../../../arm-none-eabi/lib/armv7-m\libg.a(lib_a-memcpy.o)
 .ARM.attributes
                0x00000be7       0x2d c:/program files (x86)/gnu tools arm embedded/4.8 2014q1/bin/../lib/gcc/arm-none-eabi/4.8.3/../../../../arm-none-eabi/lib/armv7-m\libg.a(lib_a-mlock.o)
 .ARM.attributes
                0x00000c14       0x2d c:/program files (x86)/gnu tools arm embedded/4.8 2014q1/bin/../lib/gcc/arm-none-eabi/4.8.3/../../../../arm-none-eabi/lib/armv7-m\libg.a(lib_a-sbrkr.o)
 .ARM.attributes
                0x00000c41       0x1b c:/program files (x86)/gnu tools arm embedded/4.8 2014q1/bin/../lib/gcc/arm-none-eabi/4.8.3/../../../../arm-none-eabi/lib/armv7-m\libg.a(lib_a-strcmp.o)
 .ARM.attributes
                0x00000c5c       0x2d c:/program files (x86)/gnu tools arm embedded/4.8 2014q1/bin/../lib/gcc/arm-none-eabi/4.8.3/../../../../arm-none-eabi/lib/armv7-m\libg.a(lib_a-__call_atexit.o)
 .ARM.attributes
                0x00000c89       0x2d c:/program files (x86)/gnu tools arm embedded/4.8 2014q1/bin/../lib/gcc/arm-none-eabi/4.8.3/../../../../arm-none-eabi/lib/armv7-m\libg.a(lib_a-atexit.o)
 .ARM.attributes
                0x00000cb6       0x2d c:/program files (x86)/gnu tools arm embedded/4.8 2014q1/bin/../lib/gcc/arm-none-eabi/4.8.3/../../../../arm-none-eabi/lib/armv7-m\libg.a(lib_a-fini.o)
 .ARM.attributes
                0x00000ce3       0x2d c:/program files (x86)/gnu tools arm embedded/4.8 2014q1/bin/../lib/gcc/arm-none-eabi/4.8.3/../../../../arm-none-eabi/lib/armv7-m\libg.a(lib_a-reent.o)
 .ARM.attributes
                0x00000d10       0x2d c:/program files (x86)/gnu tools arm embedded/4.8 2014q1/bin/../lib/gcc/arm-none-eabi/4.8.3/../../../../arm-none-eabi/lib/armv7-m\libg.a(lib_a-__atexit.o)
 .ARM.attributes
                0x00000d3d       0x2d c:/program files (x86)/gnu tools arm embedded/4.8 2014q1/bin/../lib/gcc/arm-none-eabi/4.8.3/armv7-m/crtend.o
 .ARM.attributes
                0x00000d6a       0x1d c:/program files (x86)/gnu tools arm embedded/4.8 2014q1/bin/../lib/gcc/arm-none-eabi/4.8.3/armv7-m/crtn.o

.comment        0x00000000       0x70
 .comment       0x00000000       0x70 ..\obj\tm_stm32_cpu_load.o
                                 0x71 (size before relaxing)
 .comment       0x00000000       0x71 ..\obj\stm32f4xx_hal_spi.o
 .comment       0x00000000       0x71 ..\obj\stm32f4xx_hal_ltdc.o
 .comment       0x00000000       0x71 ..\obj\stm32f4xx_hal_msp.o
 .comment       0x00000000       0x71 ..\obj\Beepy_Console_USART_Interface.o
 .comment       0x00000000       0x71 ..\obj\tm_stm32_lcd.o
 .comment       0x00000000       0x71 ..\obj\stm32f4xx_hal_uart.o
 .comment       0x00000000       0x71 ..\obj\tm_stm32_exti.o
 .comment       0x00000000       0x71 ..\obj\stm32f4xx_hal_dma2d.o
 .comment       0x00000000       0x71 ..\obj\tm_stm32_disco.o
 .comment       0x00000000       0x71 ..\obj\main.o
 .comment       0x00000000       0x71 ..\obj\stm32f4xx_hal_i2s_ex.o
 .comment       0x00000000       0x71 ..\obj\stm32f4xx_it.o
 .comment       0x00000000       0x71 ..\obj\tm_stm32_spi.o
 .comment       0x00000000       0x71 ..\obj\tm_stm32_rng.o
 .comment       0x00000000       0x71 ..\obj\tm_stm32_usart.o
 .comment       0x00000000       0x71 ..\obj\stm32f4xx_hal.o
 .comment       0x00000000       0x71 ..\obj\tm_stm32_delay.o
 .comment       0x00000000       0x71 ..\obj\stm32f4xx_hal_rcc_ex.o
 .comment       0x00000000       0x71 ..\obj\xprintf.o
 .comment       0x00000000       0x71 ..\obj\tm_stm32_dma2d_graphic.o
 .comment       0x00000000       0x71 ..\obj\stm32f4xx_hal_sdram.o
 .comment       0x00000000       0x71 ..\obj\stm32f4xx_hal_rcc.o
 .comment       0x00000000       0x71 ..\obj\tm_stm32_buffer.o
 .comment       0x00000000       0x71 ..\obj\tm_stm32_gpio.o
 .comment       0x00000000       0x71 ..\obj\stm32f4xx_hal_cortex.o
 .comment       0x00000000       0x71 ..\obj\system_stm32f4xx.o
 .comment       0x00000000       0x71 ..\obj\syscalls.o
 .comment       0x00000000       0x71 ..\obj\stm32f4xx_hal_i2s.o
 .comment       0x00000000       0x71 ..\obj\tm_stm32_general.o
 .comment       0x00000000       0x71 ..\obj\exception_handlers.o
 .comment       0x00000000       0x71 ..\obj\tm_stm32_sdram.o
 .comment       0x00000000       0x71 ..\obj\stm32f4xx_hal_gpio.o
 .comment       0x00000000       0x71 ..\obj\stm32f4xx_hal_pwr_ex.o
 .comment       0x00000000       0x71 ..\obj\stm32f4xx_ll_fmc.o
 .comment       0x00000000       0x71 ..\obj\stm32f4xx_hal_dma.o
 .comment       0x00000000       0x71 ..\obj\Beepy_Console.o
 .comment       0x00000000       0x71 ..\obj\tm_stm32_rcc.o
 .comment       0x00000000       0x71 ..\obj\tm_stm32_fonts.o

.debug_info     0x00000000    0x190d7
 .debug_info    0x00000000      0x3ab ..\obj\tm_stm32_cpu_load.o
 .debug_info    0x000003ab      0xf80 ..\obj\stm32f4xx_hal_spi.o
 .debug_info    0x0000132b      0xc38 ..\obj\stm32f4xx_hal_ltdc.o
 .debug_info    0x00001f63     0x11ac ..\obj\stm32f4xx_hal_msp.o
 .debug_info    0x0000310f      0x98d ..\obj\Beepy_Console_USART_Interface.o
 .debug_info    0x00003a9c     0x1230 ..\obj\tm_stm32_lcd.o
 .debug_info    0x00004ccc      0xee7 ..\obj\stm32f4xx_hal_uart.o
 .debug_info    0x00005bb3      0x8b8 ..\obj\tm_stm32_exti.o
 .debug_info    0x0000646b      0xa25 ..\obj\stm32f4xx_hal_dma2d.o
 .debug_info    0x00006e90      0x25c ..\obj\tm_stm32_disco.o
 .debug_info    0x000070ec     0x180b ..\obj\main.o
 .debug_info    0x000088f7      0xbc4 ..\obj\stm32f4xx_hal_i2s_ex.o
 .debug_info    0x000094bb      0xa10 ..\obj\stm32f4xx_it.o
 .debug_info    0x00009ecb      0xe3e ..\obj\tm_stm32_spi.o
 .debug_info    0x0000ad09      0x104 ..\obj\startup_stm32f429xx.o
 .debug_info    0x0000ae0d      0x30f ..\obj\tm_stm32_rng.o
 .debug_info    0x0000b11c     0x144e ..\obj\tm_stm32_usart.o
 .debug_info    0x0000c56a      0xa1c ..\obj\stm32f4xx_hal.o
 .debug_info    0x0000cf86      0x6e8 ..\obj\tm_stm32_delay.o
 .debug_info    0x0000d66e      0xc38 ..\obj\stm32f4xx_hal_rcc_ex.o
 .debug_info    0x0000e2a6      0x4c9 ..\obj\xprintf.o
 .debug_info    0x0000e76f     0x11fe ..\obj\tm_stm32_dma2d_graphic.o
 .debug_info    0x0000f96d      0xbf4 ..\obj\stm32f4xx_hal_sdram.o
 .debug_info    0x00010561      0xe24 ..\obj\stm32f4xx_hal_rcc.o
 .debug_info    0x00011385      0x583 ..\obj\tm_stm32_buffer.o
 .debug_info    0x00011908      0x830 ..\obj\tm_stm32_gpio.o
 .debug_info    0x00012138      0xd2a ..\obj\stm32f4xx_hal_cortex.o
 .debug_info    0x00012e62       0xf1 ..\obj\sh_cmd.o
 .debug_info    0x00012f53      0x4bf ..\obj\system_stm32f4xx.o
 .debug_info    0x00013412      0x3ee ..\obj\syscalls.o
 .debug_info    0x00013800      0xcbb ..\obj\stm32f4xx_hal_i2s.o
 .debug_info    0x000144bb      0x91b ..\obj\tm_stm32_general.o
 .debug_info    0x00014dd6       0x99 ..\obj\exception_handlers.o
 .debug_info    0x00014e6f      0x8dd ..\obj\tm_stm32_sdram.o
 .debug_info    0x0001574c      0x712 ..\obj\stm32f4xx_hal_gpio.o
 .debug_info    0x00015e5e      0x9f3 ..\obj\stm32f4xx_hal_pwr_ex.o
 .debug_info    0x00016851      0xe5c ..\obj\stm32f4xx_ll_fmc.o
 .debug_info    0x000176ad      0x6ea ..\obj\stm32f4xx_hal_dma.o
 .debug_info    0x00017d97      0xc61 ..\obj\Beepy_Console.o
 .debug_info    0x000189f8      0x488 ..\obj\tm_stm32_rcc.o
 .debug_info    0x00018e80      0x257 ..\obj\tm_stm32_fonts.o

.debug_abbrev   0x00000000     0x4649
 .debug_abbrev  0x00000000      0x171 ..\obj\tm_stm32_cpu_load.o
 .debug_abbrev  0x00000171      0x20a ..\obj\stm32f4xx_hal_spi.o
 .debug_abbrev  0x0000037b      0x1f5 ..\obj\stm32f4xx_hal_ltdc.o
 .debug_abbrev  0x00000570      0x20d ..\obj\stm32f4xx_hal_msp.o
 .debug_abbrev  0x0000077d      0x270 ..\obj\Beepy_Console_USART_Interface.o
 .debug_abbrev  0x000009ed      0x2c3 ..\obj\tm_stm32_lcd.o
 .debug_abbrev  0x00000cb0      0x215 ..\obj\stm32f4xx_hal_uart.o
 .debug_abbrev  0x00000ec5      0x188 ..\obj\tm_stm32_exti.o
 .debug_abbrev  0x0000104d      0x1f6 ..\obj\stm32f4xx_hal_dma2d.o
 .debug_abbrev  0x00001243       0xf0 ..\obj\tm_stm32_disco.o
 .debug_abbrev  0x00001333      0x2bf ..\obj\main.o
 .debug_abbrev  0x000015f2      0x1df ..\obj\stm32f4xx_hal_i2s_ex.o
 .debug_abbrev  0x000017d1      0x189 ..\obj\stm32f4xx_it.o
 .debug_abbrev  0x0000195a      0x220 ..\obj\tm_stm32_spi.o
 .debug_abbrev  0x00001b7a       0x12 ..\obj\startup_stm32f429xx.o
 .debug_abbrev  0x00001b8c       0xfd ..\obj\tm_stm32_rng.o
 .debug_abbrev  0x00001c89      0x245 ..\obj\tm_stm32_usart.o
 .debug_abbrev  0x00001ece      0x1ff ..\obj\stm32f4xx_hal.o
 .debug_abbrev  0x000020cd      0x259 ..\obj\tm_stm32_delay.o
 .debug_abbrev  0x00002326      0x1b1 ..\obj\stm32f4xx_hal_rcc_ex.o
 .debug_abbrev  0x000024d7      0x194 ..\obj\xprintf.o
 .debug_abbrev  0x0000266b      0x285 ..\obj\tm_stm32_dma2d_graphic.o
 .debug_abbrev  0x000028f0      0x1d8 ..\obj\stm32f4xx_hal_sdram.o
 .debug_abbrev  0x00002ac8      0x294 ..\obj\stm32f4xx_hal_rcc.o
 .debug_abbrev  0x00002d5c      0x199 ..\obj\tm_stm32_buffer.o
 .debug_abbrev  0x00002ef5      0x151 ..\obj\tm_stm32_gpio.o
 .debug_abbrev  0x00003046      0x2be ..\obj\stm32f4xx_hal_cortex.o
 .debug_abbrev  0x00003304       0x14 ..\obj\sh_cmd.o
 .debug_abbrev  0x00003318      0x101 ..\obj\system_stm32f4xx.o
 .debug_abbrev  0x00003419       0xe2 ..\obj\syscalls.o
 .debug_abbrev  0x000034fb      0x1e7 ..\obj\stm32f4xx_hal_i2s.o
 .debug_abbrev  0x000036e2      0x248 ..\obj\tm_stm32_general.o
 .debug_abbrev  0x0000392a       0x2a ..\obj\exception_handlers.o
 .debug_abbrev  0x00003954      0x16f ..\obj\tm_stm32_sdram.o
 .debug_abbrev  0x00003ac3      0x1aa ..\obj\stm32f4xx_hal_gpio.o
 .debug_abbrev  0x00003c6d      0x209 ..\obj\stm32f4xx_hal_pwr_ex.o
 .debug_abbrev  0x00003e76      0x16d ..\obj\stm32f4xx_ll_fmc.o
 .debug_abbrev  0x00003fe3      0x204 ..\obj\stm32f4xx_hal_dma.o
 .debug_abbrev  0x000041e7      0x260 ..\obj\Beepy_Console.o
 .debug_abbrev  0x00004447      0x119 ..\obj\tm_stm32_rcc.o
 .debug_abbrev  0x00004560       0xe9 ..\obj\tm_stm32_fonts.o

.debug_aranges  0x00000000     0x1750
 .debug_aranges
                0x00000000       0x28 ..\obj\tm_stm32_cpu_load.o
 .debug_aranges
                0x00000028      0x158 ..\obj\stm32f4xx_hal_spi.o
 .debug_aranges
                0x00000180       0xe8 ..\obj\stm32f4xx_hal_ltdc.o
 .debug_aranges
                0x00000268       0x80 ..\obj\stm32f4xx_hal_msp.o
 .debug_aranges
                0x000002e8       0xa8 ..\obj\Beepy_Console_USART_Interface.o
 .debug_aranges
                0x00000390      0x160 ..\obj\tm_stm32_lcd.o
 .debug_aranges
                0x000004f0      0x150 ..\obj\stm32f4xx_hal_uart.o
 .debug_aranges
                0x00000640       0x70 ..\obj\tm_stm32_exti.o
 .debug_aranges
                0x000006b0       0xc0 ..\obj\stm32f4xx_hal_dma2d.o
 .debug_aranges
                0x00000770       0x38 ..\obj\tm_stm32_disco.o
 .debug_aranges
                0x000007a8       0x70 ..\obj\main.o
 .debug_aranges
                0x00000818       0x78 ..\obj\stm32f4xx_hal_i2s_ex.o
 .debug_aranges
                0x00000890       0x68 ..\obj\stm32f4xx_it.o
 .debug_aranges
                0x000008f8       0xb0 ..\obj\tm_stm32_spi.o
 .debug_aranges
                0x000009a8       0x28 ..\obj\startup_stm32f429xx.o
 .debug_aranges
                0x000009d0       0x30 ..\obj\tm_stm32_rng.o
 .debug_aranges
                0x00000a00      0x138 ..\obj\tm_stm32_usart.o
 .debug_aranges
                0x00000b38       0xd0 ..\obj\stm32f4xx_hal.o
 .debug_aranges
                0x00000c08       0x78 ..\obj\tm_stm32_delay.o
 .debug_aranges
                0x00000c80       0x30 ..\obj\stm32f4xx_hal_rcc_ex.o
 .debug_aranges
                0x00000cb0       0x70 ..\obj\xprintf.o
 .debug_aranges
                0x00000d20       0xf0 ..\obj\tm_stm32_dma2d_graphic.o
 .debug_aranges
                0x00000e10       0xd0 ..\obj\stm32f4xx_hal_sdram.o
 .debug_aranges
                0x00000ee0       0x88 ..\obj\stm32f4xx_hal_rcc.o
 .debug_aranges
                0x00000f68       0x78 ..\obj\tm_stm32_buffer.o
 .debug_aranges
                0x00000fe0       0x98 ..\obj\tm_stm32_gpio.o
 .debug_aranges
                0x00001078      0x108 ..\obj\stm32f4xx_hal_cortex.o
 .debug_aranges
                0x00001180       0x20 ..\obj\sh_cmd.o
 .debug_aranges
                0x000011a0       0x28 ..\obj\system_stm32f4xx.o
 .debug_aranges
                0x000011c8       0x60 ..\obj\syscalls.o
 .debug_aranges
                0x00001228       0xf0 ..\obj\stm32f4xx_hal_i2s.o
 .debug_aranges
                0x00001318       0x80 ..\obj\tm_stm32_general.o
 .debug_aranges
                0x00001398       0x50 ..\obj\exception_handlers.o
 .debug_aranges
                0x000013e8       0x30 ..\obj\tm_stm32_sdram.o
 .debug_aranges
                0x00001418       0x58 ..\obj\stm32f4xx_hal_gpio.o
 .debug_aranges
                0x00001470       0x60 ..\obj\stm32f4xx_hal_pwr_ex.o
 .debug_aranges
                0x000014d0       0xf0 ..\obj\stm32f4xx_ll_fmc.o
 .debug_aranges
                0x000015c0       0x70 ..\obj\stm32f4xx_hal_dma.o
 .debug_aranges
                0x00001630       0xe0 ..\obj\Beepy_Console.o
 .debug_aranges
                0x00001710       0x20 ..\obj\tm_stm32_rcc.o
 .debug_aranges
                0x00001730       0x20 ..\obj\tm_stm32_fonts.o

.debug_ranges   0x00000000     0x14d0
 .debug_ranges  0x00000000       0x18 ..\obj\tm_stm32_cpu_load.o
 .debug_ranges  0x00000018      0x148 ..\obj\stm32f4xx_hal_spi.o
 .debug_ranges  0x00000160       0xd8 ..\obj\stm32f4xx_hal_ltdc.o
 .debug_ranges  0x00000238       0x70 ..\obj\stm32f4xx_hal_msp.o
 .debug_ranges  0x000002a8       0x98 ..\obj\Beepy_Console_USART_Interface.o
 .debug_ranges  0x00000340      0x150 ..\obj\tm_stm32_lcd.o
 .debug_ranges  0x00000490      0x140 ..\obj\stm32f4xx_hal_uart.o
 .debug_ranges  0x000005d0       0x60 ..\obj\tm_stm32_exti.o
 .debug_ranges  0x00000630       0xb0 ..\obj\stm32f4xx_hal_dma2d.o
 .debug_ranges  0x000006e0       0x28 ..\obj\tm_stm32_disco.o
 .debug_ranges  0x00000708       0x78 ..\obj\main.o
 .debug_ranges  0x00000780       0x68 ..\obj\stm32f4xx_hal_i2s_ex.o
 .debug_ranges  0x000007e8       0x58 ..\obj\stm32f4xx_it.o
 .debug_ranges  0x00000840       0xa0 ..\obj\tm_stm32_spi.o
 .debug_ranges  0x000008e0       0x20 ..\obj\startup_stm32f429xx.o
 .debug_ranges  0x00000900       0x20 ..\obj\tm_stm32_rng.o
 .debug_ranges  0x00000920      0x128 ..\obj\tm_stm32_usart.o
 .debug_ranges  0x00000a48       0xc0 ..\obj\stm32f4xx_hal.o
 .debug_ranges  0x00000b08       0x68 ..\obj\tm_stm32_delay.o
 .debug_ranges  0x00000b70       0x20 ..\obj\stm32f4xx_hal_rcc_ex.o
 .debug_ranges  0x00000b90       0x60 ..\obj\xprintf.o
 .debug_ranges  0x00000bf0       0xe0 ..\obj\tm_stm32_dma2d_graphic.o
 .debug_ranges  0x00000cd0       0xc0 ..\obj\stm32f4xx_hal_sdram.o
 .debug_ranges  0x00000d90       0x78 ..\obj\stm32f4xx_hal_rcc.o
 .debug_ranges  0x00000e08       0x68 ..\obj\tm_stm32_buffer.o
 .debug_ranges  0x00000e70       0x88 ..\obj\tm_stm32_gpio.o
 .debug_ranges  0x00000ef8       0xf8 ..\obj\stm32f4xx_hal_cortex.o
 .debug_ranges  0x00000ff0       0x18 ..\obj\system_stm32f4xx.o
 .debug_ranges  0x00001008       0x50 ..\obj\syscalls.o
 .debug_ranges  0x00001058       0xe0 ..\obj\stm32f4xx_hal_i2s.o
 .debug_ranges  0x00001138       0x70 ..\obj\tm_stm32_general.o
 .debug_ranges  0x000011a8       0x40 ..\obj\exception_handlers.o
 .debug_ranges  0x000011e8       0x20 ..\obj\tm_stm32_sdram.o
 .debug_ranges  0x00001208       0x48 ..\obj\stm32f4xx_hal_gpio.o
 .debug_ranges  0x00001250       0x50 ..\obj\stm32f4xx_hal_pwr_ex.o
 .debug_ranges  0x000012a0       0xe0 ..\obj\stm32f4xx_ll_fmc.o
 .debug_ranges  0x00001380       0x60 ..\obj\stm32f4xx_hal_dma.o
 .debug_ranges  0x000013e0       0xd0 ..\obj\Beepy_Console.o
 .debug_ranges  0x000014b0       0x10 ..\obj\tm_stm32_rcc.o
 .debug_ranges  0x000014c0       0x10 ..\obj\tm_stm32_fonts.o

.debug_line     0x00000000     0xcd7d
 .debug_line    0x00000000      0x2d7 ..\obj\tm_stm32_cpu_load.o
 .debug_line    0x000002d7      0xabc ..\obj\stm32f4xx_hal_spi.o
 .debug_line    0x00000d93      0x80e ..\obj\stm32f4xx_hal_ltdc.o
 .debug_line    0x000015a1      0x5b3 ..\obj\stm32f4xx_hal_msp.o
 .debug_line    0x00001b54      0x57e ..\obj\Beepy_Console_USART_Interface.o
 .debug_line    0x000020d2      0x819 ..\obj\tm_stm32_lcd.o
 .debug_line    0x000028eb      0x971 ..\obj\stm32f4xx_hal_uart.o